Component: Arm Compiler for Embedded 6.21 Tool: armlink [5ec1fa00]

==============================================================================

Section Cross References

    keyboard.o(.ARM.exidx.text.Keyboard_init) refers to keyboard.o(.text.Keyboard_init) for [Anonymous Symbol]
    keyboard.o(.text.KeySCInput) refers to dl_common.o(.text.DL_Common_delayCycles) for DL_Common_delayCycles
    keyboard.o(.ARM.exidx.text.KeySCInput) refers to keyboard.o(.text.KeySCInput) for [Anonymous Symbol]
    oled_spi_v0.2.o(.ARM.exidx.text.OLED_WR_Byte) refers to oled_spi_v0.2.o(.text.OLED_WR_Byte) for [Anonymous Symbol]
    oled_spi_v0.2.o(.ARM.exidx.text.OLED_Set_Pos) refers to oled_spi_v0.2.o(.text.OLED_Set_Pos) for [Anonymous Symbol]
    oled_spi_v0.2.o(.ARM.exidx.text.OLED_Display_On) refers to oled_spi_v0.2.o(.text.OLED_Display_On) for [Anonymous Symbol]
    oled_spi_v0.2.o(.ARM.exidx.text.OLED_Display_Off) refers to oled_spi_v0.2.o(.text.OLED_Display_Off) for [Anonymous Symbol]
    oled_spi_v0.2.o(.text.OLED_Clear) refers to rt_memclr.o(.text) for __aeabi_memclr4
    oled_spi_v0.2.o(.text.OLED_Clear) refers to oled_spi_v0.2.o(.bss.OLED_GRAM) for OLED_GRAM
    oled_spi_v0.2.o(.ARM.exidx.text.OLED_Clear) refers to oled_spi_v0.2.o(.text.OLED_Clear) for [Anonymous Symbol]
    oled_spi_v0.2.o(.text.OLED_ShowChar) refers to oled_spi_v0.2.o(.rodata.F6x8) for F6x8
    oled_spi_v0.2.o(.ARM.exidx.text.OLED_ShowChar) refers to oled_spi_v0.2.o(.text.OLED_ShowChar) for [Anonymous Symbol]
    oled_spi_v0.2.o(.ARM.exidx.text.oled_pow) refers to oled_spi_v0.2.o(.text.oled_pow) for [Anonymous Symbol]
    oled_spi_v0.2.o(.text.OLED_ShowNum) refers to oled_spi_v0.2.o(.text.OLED_ShowChar) for OLED_ShowChar
    oled_spi_v0.2.o(.text.OLED_ShowNum) refers to aeabi_sdivfast.o(.text_divfast) for __aeabi_uidiv
    oled_spi_v0.2.o(.text.OLED_ShowNum) refers to aeabi_sdivfast.o(.text) for __aeabi_uidivmod
    oled_spi_v0.2.o(.ARM.exidx.text.OLED_ShowNum) refers to oled_spi_v0.2.o(.text.OLED_ShowNum) for [Anonymous Symbol]
    oled_spi_v0.2.o(.text.OLED_ShowSignedNum) refers to oled_spi_v0.2.o(.text.OLED_ShowChar) for OLED_ShowChar
    oled_spi_v0.2.o(.text.OLED_ShowSignedNum) refers to aeabi_sdivfast.o(.text_divfast) for __aeabi_uidiv
    oled_spi_v0.2.o(.text.OLED_ShowSignedNum) refers to aeabi_sdivfast.o(.text) for __aeabi_uidivmod
    oled_spi_v0.2.o(.ARM.exidx.text.OLED_ShowSignedNum) refers to oled_spi_v0.2.o(.text.OLED_ShowSignedNum) for [Anonymous Symbol]
    oled_spi_v0.2.o(.text.OLED_ShowString) refers to oled_spi_v0.2.o(.text.OLED_ShowChar) for OLED_ShowChar
    oled_spi_v0.2.o(.ARM.exidx.text.OLED_ShowString) refers to oled_spi_v0.2.o(.text.OLED_ShowString) for [Anonymous Symbol]
    oled_spi_v0.2.o(.text.OLED_ShowCHinese) refers to oled_spi_v0.2.o(.rodata.Hzk) for Hzk
    oled_spi_v0.2.o(.ARM.exidx.text.OLED_ShowCHinese) refers to oled_spi_v0.2.o(.text.OLED_ShowCHinese) for [Anonymous Symbol]
    oled_spi_v0.2.o(.ARM.exidx.text.OLED_DrawBMP) refers to oled_spi_v0.2.o(.text.OLED_DrawBMP) for [Anonymous Symbol]
    oled_spi_v0.2.o(.ARM.exidx.text.OLED_ColorTurn) refers to oled_spi_v0.2.o(.text.OLED_ColorTurn) for [Anonymous Symbol]
    oled_spi_v0.2.o(.ARM.exidx.text.OLED_DisplayTurn) refers to oled_spi_v0.2.o(.text.OLED_DisplayTurn) for [Anonymous Symbol]
    oled_spi_v0.2.o(.text.OLED_Refresh) refers to oled_spi_v0.2.o(.bss.OLED_GRAM) for OLED_GRAM
    oled_spi_v0.2.o(.ARM.exidx.text.OLED_Refresh) refers to oled_spi_v0.2.o(.text.OLED_Refresh) for [Anonymous Symbol]
    oled_spi_v0.2.o(.text.OLED_DrawPoint) refers to oled_spi_v0.2.o(.bss.OLED_GRAM) for OLED_GRAM
    oled_spi_v0.2.o(.ARM.exidx.text.OLED_DrawPoint) refers to oled_spi_v0.2.o(.text.OLED_DrawPoint) for [Anonymous Symbol]
    oled_spi_v0.2.o(.text.OLED_DrawLine) refers to oled_spi_v0.2.o(.bss.OLED_GRAM) for OLED_GRAM
    oled_spi_v0.2.o(.ARM.exidx.text.OLED_DrawLine) refers to oled_spi_v0.2.o(.text.OLED_DrawLine) for [Anonymous Symbol]
    oled_spi_v0.2.o(.text.OLED_DrawCircle) refers to oled_spi_v0.2.o(.bss.OLED_GRAM) for OLED_GRAM
    oled_spi_v0.2.o(.ARM.exidx.text.OLED_DrawCircle) refers to oled_spi_v0.2.o(.text.OLED_DrawCircle) for [Anonymous Symbol]
    oled_spi_v0.2.o(.text.OLED_Init) refers to dl_common.o(.text.DL_Common_delayCycles) for DL_Common_delayCycles
    oled_spi_v0.2.o(.text.OLED_Init) refers to oled_spi_v0.2.o(.text.OLED_Clear) for OLED_Clear
    oled_spi_v0.2.o(.ARM.exidx.text.OLED_Init) refers to oled_spi_v0.2.o(.text.OLED_Init) for [Anonymous Symbol]
    main.o(.text.main) refers to ti_msp_dl_config.o(.text.SYSCFG_DL_init) for SYSCFG_DL_init
    main.o(.text.main) refers to keyboard.o(.text.Keyboard_init) for Keyboard_init
    main.o(.text.main) refers to oled_spi_v0.2.o(.text.OLED_Init) for OLED_Init
    main.o(.text.main) refers to oled_spi_v0.2.o(.text.OLED_DrawBMP) for OLED_DrawBMP
    main.o(.text.main) refers to dl_common.o(.text.DL_Common_delayCycles) for DL_Common_delayCycles
[...]
    Removing dl_sysctl_mspm0gx51x.o(.text.DL_SYSCTL_getPowerPolicySTANDBY), (40 bytes).
    Removing dl_sysctl_mspm0gx51x.o(.ARM.exidx.text.DL_SYSCTL_getPowerPolicySTANDBY), (8 bytes).
    Removing dl_sysctl_mspm0gx51x.o(.text.DL_SYSCTL_initReadExecuteProtectFirewall), (56 bytes).
    Removing dl_sysctl_mspm0gx51x.o(.ARM.exidx.text.DL_SYSCTL_initReadExecuteProtectFirewall), (8 bytes).
    Removing dl_sysctl_mspm0gx51x.o(.text.DL_SYSCTL_initIPProtectFirewall), (56 bytes).
    Removing dl_sysctl_mspm0gx51x.o(.ARM.exidx.text.DL_SYSCTL_initIPProtectFirewall), (8 bytes).

759 unused section(s) (total 34438 bytes) removed from the image.

==============================================================================

Image Symbol Table

    Local Symbols

    Symbol Name                              Value     Ov Type        Size  Object(Section)

    ../clib/angel/boardlib.s                 0x00000000   Number         0  boardinit1.o ABSOLUTE
    ../clib/angel/boardlib.s                 0x00000000   Number         0  boardinit2.o ABSOLUTE
    ../clib/angel/boardlib.s                 0x00000000   Number         0  boardinit3.o ABSOLUTE
    ../clib/angel/boardlib.s                 0x00000000   Number         0  boardshut.o ABSOLUTE
    ../clib/angel/handlers.s                 0x00000000   Number         0  __scatter_copy.o ABSOLUTE
    ../clib/angel/handlers.s                 0x00000000   Number         0  __scatter_zi.o ABSOLUTE
    ../clib/angel/kernel.s                   0x00000000   Number         0  __rtentry.o ABSOLUTE
    ../clib/angel/kernel.s                   0x00000000   Number         0  __rtentry2.o ABSOLUTE
    ../clib/angel/kernel.s                   0x00000000   Number         0  __rtentry4.o ABSOLUTE
    ../clib/angel/kernel.s                   0x00000000   Number         0  rtexit.o ABSOLUTE
    ../clib/angel/kernel.s                   0x00000000   Number         0  rtexit2.o ABSOLUTE
    ../clib/angel/rt.s                       0x00000000   Number         0  aeabi_idiv0.o ABSOLUTE
    ../clib/angel/rt.s                       0x00000000   Number         0  aeabi_idiv0_sigfpe.o ABSOLUTE
    ../clib/angel/rt.s                       0x00000000   Number         0  rt_div0.o ABSOLUTE
    ../clib/angel/rt.s                       0x00000000   Number         0  rt_raise.o ABSOLUTE
    ../clib/angel/scatterp.s                 0x00000000   Number         0  __scatter.o ABSOLUTE
    ../clib/angel/startup.s                  0x00000000   Number         0  __main.o ABSOLUTE
    ../clib/angel/sys.s                      0x00000000   Number         0  sys_stackheap_outer.o ABSOLUTE
    ../clib/angel/sys.s                      0x00000000   Number         0  libspace.o ABSOLUTE
    ../clib/angel/sys.s                      0x00000000   Number         0  tempstk.o ABSOLUTE
    ../clib/angel/sys.s                      0x00000000   Number         0  use_no_semi.o ABSOLUTE
    ../clib/angel/sys.s                      0x00000000   Number         0  indicate_semi.o ABSOLUTE
    ../clib/angel/sysapp.c                   0x00000000   Number         0  sys_exit.o ABSOLUTE
    ../clib/angel/sysapp.c                   0x00000000   Number         0  sys_exit_hlt.o ABSOLUTE
    ../clib/angel/sysapp.c                   0x00000000   Number         0  sys_wrch.o ABSOLUTE
    ../clib/angel/sysapp.c                   0x00000000   Number         0  sys_wrch_hlt.o ABSOLUTE
    ../clib/angel/sysapp.c                   0x00000000   Number         0  sys_command.o ABSOLUTE
    ../clib/angel/sysapp.c                   0x00000000   Number         0  sys_command_hlt.o ABSOLUTE
    ../clib/armsys.c                         0x00000000   Number         0  argv_veneer.o ABSOLUTE
    ../clib/armsys.c                         0x00000000   Number         0  _get_argv_nomalloc.o ABSOLUTE
    ../clib/armsys.c                         0x00000000   Number         0  no_argv.o ABSOLUTE
    ../clib/division.s                       0x00000000   Number         0  aeabi_sdivfast.o ABSOLUTE
    ../clib/division.s                       0x00000000   Number         0  aeabi_sdivfast_div0.o ABSOLUTE
    ../clib/heapalloc.c                      0x00000000   Number         0  hrguard.o ABSOLUTE
    ../clib/heapaux.c                        0x00000000   Number         0  heapauxi.o ABSOLUTE
    ../clib/libinit.s                        0x00000000   Number         0  libinit.o ABSOLUTE
    ../clib/libinit.s                        0x00000000   Number         0  libinit2.o ABSOLUTE
    ../clib/libinit.s                        0x00000000   Number         0  libshutdown.o ABSOLUTE
    ../clib/libinit.s                        0x00000000   Number         0  libshutdown2.o ABSOLUTE
    ../clib/memcpset.c                       0x00000000   Number         0  rt_memcpy.o ABSOLUTE
    ../clib/memcpset.c                       0x00000000   Number         0  rt_memcpy.o ABSOLUTE
    ../clib/memcpset.c                       0x00000000   Number         0  rt_memclr.o ABSOLUTE
    ../clib/signal.c                         0x00000000   Number         0  defsig_fpe_outer.o ABSOLUTE
    ../clib/signal.c                         0x00000000   Number         0  defsig_fpe_formal.o ABSOLUTE
    ../clib/signal.c                         0x00000000   Number         0  defsig_exit.o ABSOLUTE
    ../clib/signal.c                         0x00000000   Number         0  defsig_fpe_inner.o ABSOLUTE
    ../clib/signal.c                         0x00000000   Number         0  __raise.o ABSOLUTE
    ../clib/signal.c                         0x00000000   Number         0  defsig_general.o ABSOLUTE
    ../clib/signal.c                         0x00000000   Number         0  defsig_abrt_inner.o ABSOLUTE
    ../clib/signal.c                         0x00000000   Number         0  defsig_rtred_inner.o ABSOLUTE
    ../clib/signal.c                         0x00000000   Number         0  defsig_rtmem_inner.o ABSOLUTE
    ../clib/signal.c                         0x00000000   Number         0  defsig_rtmem_outer.o ABSOLUTE
    ../clib/signal.c                         0x00000000   Number         0  defsig_rtmem_formal.o ABSOLUTE
    ../clib/signal.c                         0x00000000   Number         0  defsig_stak_inner.o ABSOLUTE
    ../clib/signal.c                         0x00000000   Number         0  defsig_pvfn_inner.o ABSOLUTE
    ../clib/signal.c                         0x00000000   Number         0  defsig_cppl_inner.o ABSOLUTE
    ../clib/signal.c                         0x00000000   Number         0  defsig_segv_inner.o ABSOLUTE
    ../clib/signal.c                         0x00000000   Number         0  defsig_other.o ABSOLUTE
    ../clib/signal.s                         0x00000000   Number         0  defsig.o ABSOLUTE
    ../clib/stdlib.c                         0x00000000   Number         0  exit.o ABSOLUTE
    ../fplib/cfplib/fpinit.c                 0x00000000   Number         0  fpinit.o ABSOLUTE
    Keyboard.c                               0x00000000   Number         0  keyboard.o ABSOLUTE
    dc.s                                     0x00000000   Number         0  dc.o ABSOLUTE
    dl_adc12.c                               0x00000000   Number         0  dl_adc12.o ABSOLUTE
    dl_aes.c                                 0x00000000   Number         0  dl_aes.o ABSOLUTE
    dl_aesadv.c                              0x00000000   Number         0  dl_aesadv.o ABSOLUTE
    dl_common.c                              0x00000000   Number         0  dl_common.o ABSOLUTE
    dl_comp.c                                0x00000000   Number         0  dl_comp.o ABSOLUTE
    dl_crc.c                                 0x00000000   Number         0  dl_crc.o ABSOLUTE
    dl_crcp.c                                0x00000000   Number         0  dl_crcp.o ABSOLUTE
    dl_dac12.c                               0x00000000   Number         0  dl_dac12.o ABSOLUTE
    dl_dma.c                                 0x00000000   Number         0  dl_dma.o ABSOLUTE
    dl_factoryregion.c                       0x00000000   Number         0  dl_factoryregion.o ABSOLUTE
    dl_flashctl.c                            0x00000000   Number         0  dl_flashctl.o ABSOLUTE
    dl_gpamp.c                               0x00000000   Number         0  dl_gpamp.o ABSOLUTE
    dl_gpio.c                                0x00000000   Number         0  dl_gpio.o ABSOLUTE
    dl_i2c.c                                 0x00000000   Number         0  dl_i2c.o ABSOLUTE
    dl_i2s.c                                 0x00000000   Number         0  dl_i2s.o ABSOLUTE
    dl_interrupt.c                           0x00000000   Number         0  dl_interrupt.o ABSOLUTE
    dl_iwdt.c                                0x00000000   Number         0  dl_iwdt.o ABSOLUTE
    dl_keystorectl.c                         0x00000000   Number         0  dl_keystorectl.o ABSOLUTE
    dl_lcd.c                                 0x00000000   Number         0  dl_lcd.o ABSOLUTE
    dl_lfss.c                                0x00000000   Number         0  dl_lfss.o ABSOLUTE
    dl_mathacl.c                             0x00000000   Number         0  dl_mathacl.o ABSOLUTE
    dl_mcan.c                                0x00000000   Number         0  dl_mcan.o ABSOLUTE
    dl_npu.c                                 0x00000000   Number         0  dl_npu.o ABSOLUTE
    dl_opa.c                                 0x00000000   Number         0  dl_opa.o ABSOLUTE
    dl_rtc.c                                 0x00000000   Number         0  dl_rtc.o ABSOLUTE
    dl_rtc_a.c                               0x00000000   Number         0  dl_rtc_a.o ABSOLUTE
    dl_rtc_b.c                               0x00000000   Number         0  dl_rtc_b.o ABSOLUTE
    dl_rtc_common.c                          0x00000000   Number         0  dl_rtc_common.o ABSOLUTE
    dl_scratchpad.c                          0x00000000   Number         0  dl_scratchpad.o ABSOLUTE
    dl_spgss.c                               0x00000000   Number         0  dl_spgss.o ABSOLUTE
    dl_spi.c                                 0x00000000   Number         0  dl_spi.o ABSOLUTE
    dl_sysctl_mspm0gx51x.c                   0x00000000   Number         0  dl_sysctl_mspm0gx51x.o ABSOLUTE
    dl_tamperio.c                            0x00000000   Number         0  dl_tamperio.o ABSOLUTE
    dl_timer.c                               0x00000000   Number         0  dl_timer.o ABSOLUTE
    dl_timera.c                              0x00000000   Number         0  dl_timera.o ABSOLUTE
    dl_timerb.c                              0x00000000   Number         0  dl_timerb.o ABSOLUTE
    dl_timerg.c                              0x00000000   Number         0  dl_timerg.o ABSOLUTE
    dl_trng.c                                0x00000000   Number         0  dl_trng.o ABSOLUTE
    dl_uart.c                                0x00000000   Number         0  dl_uart.o ABSOLUTE
    dl_unicomm.c                             0x00000000   Number         0  dl_unicomm.o ABSOLUTE
    dl_unicommi2cc.c                         0x00000000   Number         0  dl_unicommi2cc.o ABSOLUTE
    dl_unicommi2ct.c                         0x00000000   Number         0  dl_unicommi2ct.o ABSOLUTE
    dl_unicommspi.c                          0x00000000   Number         0  dl_unicommspi.o ABSOLUTE
    dl_unicommuart.c                         0x00000000   Number         0  dl_unicommuart.o ABSOLUTE
    dl_vref.c                                0x00000000   Number         0  dl_vref.o ABSOLUTE
    dl_wwdt.c                                0x00000000   Number         0  dl_wwdt.o ABSOLUTE
    main.c                                   0x00000000   Number         0  main.o ABSOLUTE
    oled_spi_V0.2.c                          0x00000000   Number         0  oled_spi_v0.2.o ABSOLUTE
    startup_mspm0g351x_uvision.s             0x00000000   Number         0  startup_mspm0g351x_uvision.o ABSOLUTE
    ti_msp_dl_config.c                       0x00000000   Number         0  ti_msp_dl_config.o ABSOLUTE
    RESET                                    0x00000000   Section      192  startup_mspm0g351x_uvision.o(RESET)
    !!!main                                  0x000000c0   Section        8  __main.o(!!!main)
    !!!scatter                               0x000000c8   Section       84  __scatter.o(!!!scatter)
    !!handler_copy                           0x00000120   Section       26  __scatter_copy.o(!!handler_copy)
    !!handler_null                           0x00000140   Section        2  __scatter.o(!!handler_null)
    !!handler_zi                             0x00000148   Section       28  __scatter_zi.o(!!handler_zi)
    .ARM.Collect$$libinit$$00000000          0x00000164   Section        2  libinit.o(.ARM.Collect$$libinit$$00000000)
    .ARM.Collect$$libinit$$00000002          0x00000166   Section        0  libinit2.o(.ARM.Collect$$libinit$$00000002)
    .ARM.Collect$$libinit$$00000004          0x00000166   Section        0  libinit2.o(.ARM.Collect$$libinit$$00000004)
    .ARM.Collect$$libinit$$00000006          0x00000166   Section        0  libinit2.o(.ARM.Collect$$libinit$$00000006)
    .ARM.Collect$$libinit$$0000000C          0x00000166   Section        0  libinit2.o(.ARM.Collect$$libinit$$0000000C)
    .ARM.Collect$$libinit$$0000000E          0x00000166   Section        0  libinit2.o(.ARM.Collect$$libinit$$0000000E)
    .ARM.Collect$$libinit$$00000010          0x00000166   Section        0  libinit2.o(.ARM.Collect$$libinit$$00000010)
    .ARM.Collect$$libinit$$00000013          0x00000166   Section        0  libinit2.o(.ARM.Collect$$libinit$$00000013)
    .ARM.Collect$$libinit$$00000015          0x00000166   Section        0  libinit2.o(.ARM.Collect$$libinit$$00000015)
    .ARM.Collect$$libinit$$00000017          0x00000166   Section        0  libinit2.o(.ARM.Collect$$libinit$$00000017)
    .ARM.Collect$$libinit$$00000019          0x00000166   Section        0  libinit2.o(.ARM.Collect$$libinit$$00000019)
    .ARM.Collect$$libinit$$0000001B          0x00000166   Section        0  libinit2.o(.ARM.Collect$$libinit$$0000001B)
    .ARM.Collect$$libinit$$0000001D          0x00000166   Section        0  libinit2.o(.ARM.Collect$$libinit$$0000001D)
    .ARM.Collect$$libinit$$0000001F          0x00000166   Section        0  libinit2.o(.ARM.Collect$$libinit$$0000001F)
    .ARM.Collect$$libinit$$00000021          0x00000166   Section        0  libinit2.o(.ARM.Collect$$libinit$$00000021)
    .ARM.Collect$$libinit$$00000023          0x00000166   Section        0  libinit2.o(.ARM.Collect$$libinit$$00000023)
    .ARM.Collect$$libinit$$00000025          0x00000166   Section        0  libinit2.o(.ARM.Collect$$libinit$$00000025)
    .ARM.Collect$$libinit$$00000027          0x00000166   Section        0  libinit2.o(.ARM.Collect$$libinit$$00000027)
    .ARM.Collect$$libinit$$0000002E          0x00000166   Section        0  libinit2.o(.ARM.Collect$$libinit$$0000002E)
    .ARM.Collect$$libinit$$00000030          0x00000166   Section        0  libinit2.o(.ARM.Collect$$libinit$$00000030)
    .ARM.Collect$$libinit$$00000032          0x00000166   Section        0  libinit2.o(.ARM.Collect$$libinit$$00000032)
    .ARM.Collect$$libinit$$00000034          0x00000166   Section        0  libinit2.o(.ARM.Collect$$libinit$$00000034)
    .ARM.Collect$$libinit$$00000035          0x00000166   Section        2  libinit2.o(.ARM.Collect$$libinit$$00000035)
    .ARM.Collect$$libshutdown$$00000000      0x00000168   Section        2  libshutdown.o(.ARM.Collect$$libshutdown$$00000000)
    .ARM.Collect$$libshutdown$$00000002      0x0000016a   Section        0  libshutdown2.o(.ARM.Collect$$libshutdown$$00000002)
    .ARM.Collect$$libshutdown$$00000004      0x0000016a   Section        0  libshutdown2.o(.ARM.Collect$$libshutdown$$00000004)
    .ARM.Collect$$libshutdown$$00000007      0x0000016a   Section        0  libshutdown2.o(.ARM.Collect$$libshutdown$$00000007)
    .ARM.Collect$$libshutdown$$0000000A      0x0000016a   Section        0  libshutdown2.o(.ARM.Collect$$libshutdown$$0000000A)
    .ARM.Collect$$libshutdown$$0000000C      0x0000016a   Section        0  libshutdown2.o(.ARM.Collect$$libshutdown$$0000000C)
    .ARM.Collect$$libshutdown$$0000000F      0x0000016a   Section        0  libshutdown2.o(.ARM.Collect$$libshutdown$$0000000F)
    .ARM.Collect$$libshutdown$$00000010      0x0000016a   Section        2  libshutdown2.o(.ARM.Collect$$libshutdown$$00000010)
    .ARM.Collect$$rtentry$$00000000          0x0000016c   Section        0  __rtentry.o(.ARM.Collect$$rtentry$$00000000)
    .ARM.Collect$$rtentry$$00000002          0x0000016c   Section        0  __rtentry2.o(.ARM.Collect$$rtentry$$00000002)
    .ARM.Collect$$rtentry$$00000004          0x0000016c   Section        6  __rtentry4.o(.ARM.Collect$$rtentry$$00000004)
    .ARM.Collect$$rtentry$$00000009          0x00000172   Section        0  __rtentry2.o(.ARM.Collect$$rtentry$$00000009)
    .ARM.Collect$$rtentry$$0000000A          0x00000172   Section        4  __rtentry2.o(.ARM.Collect$$rtentry$$0000000A)
    .ARM.Collect$$rtentry$$0000000C          0x00000176   Section        0  __rtentry2.o(.ARM.Collect$$rtentry$$0000000C)
    .ARM.Collect$$rtentry$$0000000D          0x00000176   Section        8  __rtentry2.o(.ARM.Collect$$rtentry$$0000000D)
    .ARM.Collect$$rtexit$$00000000           0x0000017e   Section        2  rtexit.o(.ARM.Collect$$rtexit$$00000000)
    .ARM.Collect$$rtexit$$00000002           0x00000180   Section        0  rtexit2.o(.ARM.Collect$$rtexit$$00000002)
    .ARM.Collect$$rtexit$$00000003           0x00000180   Section        4  rtexit2.o(.ARM.Collect$$rtexit$$00000003)
    .ARM.Collect$$rtexit$$00000004           0x00000184   Section        6  rtexit2.o(.ARM.Collect$$rtexit$$00000004)
    .text                                    0x0000018c   Section       44  startup_mspm0g351x_uvision.o(.text)
    .text                                    0x000001b8   Section        0  rt_memclr.o(.text)
    .text                                    0x000001f8   Section      504  aeabi_sdivfast.o(.text)
    .text                                    0x000003f0   Section        0  heapauxi.o(.text)
    .text                                    0x000003f6   Section       62  sys_stackheap_outer.o(.text)
    .text                                    0x00000434   Section        0  exit.o(.text)
    .text                                    0x00000444   Section        8  libspace.o(.text)
    .text                                    0x0000044c   Section        0  sys_exit.o(.text)
    .text                                    0x00000458   Section        2  use_no_semi.o(.text)
    .text                                    0x0000045a   Section        0  indicate_semi.o(.text)
    [Anonymous Symbol]                       0x0000045c   Section        0  dl_adc12.o(.text.DL_ADC12_setClockConfig)
    __arm_cp.0_0                             0x00000494   Number         4  dl_adc12.o(.text.DL_ADC12_setClockConfig)
    __arm_cp.0_1                             0x00000498   Number         4  dl_adc12.o(.text.DL_ADC12_setClockConfig)
    [Anonymous Symbol]                       0x0000049c   Section        0  dl_common.o(.text.DL_Common_delayCycles)
    [Anonymous Symbol]                       0x000004a8   Section        0  dl_dac12.o(.text.DL_DAC12_init)
    __arm_cp.0_0                             0x00000510   Number         4  dl_dac12.o(.text.DL_DAC12_init)
    __arm_cp.0_1                             0x00000514   Number         4  dl_dac12.o(.text.DL_DAC12_init)
    __arm_cp.0_2                             0x00000518   Number         4  dl_dac12.o(.text.DL_DAC12_init)
    __arm_cp.0_3                             0x0000051c   Number         4  dl_dac12.o(.text.DL_DAC12_init)
    __arm_cp.0_4                             0x00000520   Number         4  dl_dac12.o(.text.DL_DAC12_init)
    __arm_cp.0_5                             0x00000524   Number         4  dl_dac12.o(.text.DL_DAC12_init)
    __arm_cp.0_6                             0x00000528   Number         4  dl_dac12.o(.text.DL_DAC12_init)
    __arm_cp.0_7                             0x0000052c   Number         4  dl_dac12.o(.text.DL_DAC12_init)
    [Anonymous Symbol]                       0x00000530   Section        0  dl_factoryregion.o(.text.DL_FactoryRegion_initTrimTable)
    __arm_cp.0_0                             0x0000057c   Number         4  dl_factoryregion.o(.text.DL_FactoryRegion_initTrimTable)
    __arm_cp.0_1                             0x00000580   Number         4  dl_factoryregion.o(.text.DL_FactoryRegion_initTrimTable)
    [Anonymous Symbol]                       0x00000584   Section        0  dl_i2c.o(.text.DL_I2C_setClockConfig)
    [Anonymous Symbol]                       0x000005ac   Section        0  dl_spi.o(.text.DL_SPI_init)
    __arm_cp.0_0                             0x000005e8   Number         4  dl_spi.o(.text.DL_SPI_init)
    __arm_cp.0_1                             0x000005ec   Number         4  dl_spi.o(.text.DL_SPI_init)
    [Anonymous Symbol]                       0x000005f0   Section        0  dl_spi.o(.text.DL_SPI_setClockConfig)
    [Anonymous Symbol]                       0x00000604   Section        0  dl_sysctl_mspm0gx51x.o(.text.DL_SYSCTL_configSYSPLL)
    __arm_cp.0_0                             0x000006f4   Number         4  dl_sysctl_mspm0gx51x.o(.text.DL_SYSCTL_configSYSPLL)
    __arm_cp.0_4                             0x000006f8   Number         4  dl_sysctl_mspm0gx51x.o(.text.DL_SYSCTL_configSYSPLL)
    __arm_cp.0_5                             0x000006fc   Number         4  dl_sysctl_mspm0gx51x.o(.text.DL_SYSCTL_configSYSPLL)
    __arm_cp.0_6                             0x00000700   Number         4  dl_sysctl_mspm0gx51x.o(.text.DL_SYSCTL_configSYSPLL)
    [Anonymous Symbol]                       0x00000704   Section        0  dl_sysctl_mspm0gx51x.o(.text.DL_SYSCTL_setHFCLKSourceHFXTParams)
    __arm_cp.7_0                             0x00000784   Number         4  dl_sysctl_mspm0gx51x.o(.text.DL_SYSCTL_setHFCLKSourceHFXTParams)
    __arm_cp.7_1                             0x00000788   Number         4  dl_sysctl_mspm0gx51x.o(.text.DL_SYSCTL_setHFCLKSourceHFXTParams)
    __arm_cp.7_2                             0x0000078c   Number         4  dl_sysctl_mspm0gx51x.o(.text.DL_SYSCTL_setHFCLKSourceHFXTParams)
    [Anonymous Symbol]                       0x00000790   Section        0  dl_sysctl_mspm0gx51x.o(.text.DL_SYSCTL_switchMCLKfromSYSOSCtoHSCLK)
    __arm_cp.4_0                             0x000007d8   Number         4  dl_sysctl_mspm0gx51x.o(.text.DL_SYSCTL_switchMCLKfromSYSOSCtoHSCLK)
    __arm_cp.4_1                             0x000007dc   Number         4  dl_sysctl_mspm0gx51x.o(.text.DL_SYSCTL_switchMCLKfromSYSOSCtoHSCLK)
    [Anonymous Symbol]                       0x000007e0   Section        0  dl_timer.o(.text.DL_Timer_initFourCCPWMMode)
    __arm_cp.40_1                            0x000008cc   Number         4  dl_timer.o(.text.DL_Timer_initFourCCPWMMode)
    __arm_cp.40_2                            0x000008d0   Number         4  dl_timer.o(.text.DL_Timer_initFourCCPWMMode)
    __arm_cp.40_4                            0x000008d4   Number         4  dl_timer.o(.text.DL_Timer_initFourCCPWMMode)
    __arm_cp.40_5                            0x000008d8   Number         4  dl_timer.o(.text.DL_Timer_initFourCCPWMMode)
    __arm_cp.40_6                            0x000008dc   Number         4  dl_timer.o(.text.DL_Timer_initFourCCPWMMode)
    [Anonymous Symbol]                       0x000008e0   Section        0  dl_timer.o(.text.DL_Timer_initTimerMode)
    __arm_cp.2_0                             0x000009d0   Number         4  dl_timer.o(.text.DL_Timer_initTimerMode)
    __arm_cp.2_1                             0x000009d4   Number         4  dl_timer.o(.text.DL_Timer_initTimerMode)
    __arm_cp.2_2                             0x000009d8   Number         4  dl_timer.o(.text.DL_Timer_initTimerMode)
    __arm_cp.2_3                             0x000009dc   Number         4  dl_timer.o(.text.DL_Timer_initTimerMode)
    [Anonymous Symbol]                       0x000009e0   Section        0  dl_timer.o(.text.DL_Timer_setCaptCompUpdateMethod)
    __arm_cp.23_0                            0x000009f8   Number         4  dl_timer.o(.text.DL_Timer_setCaptCompUpdateMethod)
    [Anonymous Symbol]                       0x000009fc   Section        0  dl_timer.o(.text.DL_Timer_setCaptureCompareOutCtl)
    __arm_cp.27_0                            0x00000a10   Number         4  dl_timer.o(.text.DL_Timer_setCaptureCompareOutCtl)
    [Anonymous Symbol]                       0x00000a14   Section        0  dl_timer.o(.text.DL_Timer_setCaptureCompareValue)
    __arm_cp.3_0                             0x00000a20   Number         4  dl_timer.o(.text.DL_Timer_setCaptureCompareValue)
    [Anonymous Symbol]                       0x00000a24   Section        0  dl_timer.o(.text.DL_Timer_setClockConfig)
    __arm_cp.0_0                             0x00000a3c   Number         4  dl_timer.o(.text.DL_Timer_setClockConfig)
    [Anonymous Symbol]                       0x00000a40   Section        0  dl_uart.o(.text.DL_UART_init)
    __arm_cp.0_0                             0x00000a80   Number         4  dl_uart.o(.text.DL_UART_init)
    __arm_cp.0_1                             0x00000a84   Number         4  dl_uart.o(.text.DL_UART_init)
    [Anonymous Symbol]                       0x00000a88   Section        0  dl_uart.o(.text.DL_UART_setClockConfig)
    [Anonymous Symbol]                       0x00000a9a   Section        0  dl_vref.o(.text.DL_VREF_configReference)
    [Anonymous Symbol]                       0x00000abc   Section        0  keyboard.o(.text.KeySCInput)
    __arm_cp.1_1                             0x00000ccc   Number         4  keyboard.o(.text.KeySCInput)
    [Anonymous Symbol]                       0x00000cd0   Section        0  keyboard.o(.text.Keyboard_init)
    __arm_cp.0_0                             0x00000ce8   Number         4  keyboard.o(.text.Keyboard_init)
    [Anonymous Symbol]                       0x00000cec   Section        0  oled_spi_v0.2.o(.text.OLED_Clear)
    __arm_cp.4_2                             0x00000e50   Number         4  oled_spi_v0.2.o(.text.OLED_Clear)
    [Anonymous Symbol]                       0x00000e54   Section        0  oled_spi_v0.2.o(.text.OLED_DrawBMP)
    [Anonymous Symbol]                       0x00001060   Section        0  oled_spi_v0.2.o(.text.OLED_Init)
    __arm_cp.18_4                            0x00001090   Number         4  oled_spi_v0.2.o(.text.OLED_Init)
    __arm_cp.18_5                            0x00001094   Number         4  oled_spi_v0.2.o(.text.OLED_Init)
    __arm_cp.18_6                            0x00001098   Number         4  oled_spi_v0.2.o(.text.OLED_Init)
    __arm_cp.18_7                            0x0000109c   Number         4  oled_spi_v0.2.o(.text.OLED_Init)
    [Anonymous Symbol]                       0x00001820   Section        0  oled_spi_v0.2.o(.text.OLED_ShowChar)
    __arm_cp.5_0                             0x00001a70   Number         4  oled_spi_v0.2.o(.text.OLED_ShowChar)
    __arm_cp.5_1                             0x00001a74   Number         4  oled_spi_v0.2.o(.text.OLED_ShowChar)
    __arm_cp.5_2                             0x00001a78   Number         4  oled_spi_v0.2.o(.text.OLED_ShowChar)
    [Anonymous Symbol]                       0x00001a7c   Section        0  oled_spi_v0.2.o(.text.OLED_ShowNum)
    __arm_cp.7_0                             0x00001b58   Number         4  oled_spi_v0.2.o(.text.OLED_ShowNum)
    [Anonymous Symbol]                       0x00001b5c   Section        0  ti_msp_dl_config.o(.text.SYSCFG_DL_ADC0_init)
    __arm_cp.13_0                            0x00001bb0   Number         4  ti_msp_dl_config.o(.text.SYSCFG_DL_ADC0_init)
    __arm_cp.13_1                            0x00001bb4   Number         4  ti_msp_dl_config.o(.text.SYSCFG_DL_ADC0_init)
    __arm_cp.13_4                            0x00001bb8   Number         4  ti_msp_dl_config.o(.text.SYSCFG_DL_ADC0_init)
    __arm_cp.13_5                            0x00001bbc   Number         4  ti_msp_dl_config.o(.text.SYSCFG_DL_ADC0_init)
    [Anonymous Symbol]                       0x00001bc0   Section        0  ti_msp_dl_config.o(.text.SYSCFG_DL_ADC1_init)
    __arm_cp.14_0                            0x00001c04   Number         4  ti_msp_dl_config.o(.text.SYSCFG_DL_ADC1_init)
    __arm_cp.14_1                            0x00001c08   Number         4  ti_msp_dl_config.o(.text.SYSCFG_DL_ADC1_init)
    __arm_cp.14_2                            0x00001c0c   Number         4  ti_msp_dl_config.o(.text.SYSCFG_DL_ADC1_init)
    __arm_cp.14_3                            0x00001c10   Number         4  ti_msp_dl_config.o(.text.SYSCFG_DL_ADC1_init)
    __arm_cp.14_4                            0x00001c14   Number         4  ti_msp_dl_config.o(.text.SYSCFG_DL_ADC1_init)
    __arm_cp.14_5                            0x00001c18   Number         4  ti_msp_dl_config.o(.text.SYSCFG_DL_ADC1_init)
    [Anonymous Symbol]                       0x00001c1c   Section        0  ti_msp_dl_config.o(.text.SYSCFG_DL_DAC12_init)
    __arm_cp.17_0                            0x00001c38   Number         4  ti_msp_dl_config.o(.text.SYSCFG_DL_DAC12_init)
    __arm_cp.17_1                            0x00001c3c   Number         4  ti_msp_dl_config.o(.text.SYSCFG_DL_DAC12_init)
    __arm_cp.17_2                            0x00001c40   Number         4  ti_msp_dl_config.o(.text.SYSCFG_DL_DAC12_init)
    __arm_cp.17_3                            0x00001c44   Number         4  ti_msp_dl_config.o(.text.SYSCFG_DL_DAC12_init)
    __arm_cp.17_4                            0x00001c48   Number         4  ti_msp_dl_config.o(.text.SYSCFG_DL_DAC12_init)
    [Anonymous Symbol]                       0x00001c4c   Section        0  ti_msp_dl_config.o(.text.SYSCFG_DL_GPIO_init)
    __arm_cp.2_0                             0x00001d84   Number         4  ti_msp_dl_config.o(.text.SYSCFG_DL_GPIO_init)
    __arm_cp.2_1                             0x00001d88   Number         4  ti_msp_dl_config.o(.text.SYSCFG_DL_GPIO_init)
    __arm_cp.2_2                             0x00001d8c   Number         4  ti_msp_dl_config.o(.text.SYSCFG_DL_GPIO_init)
    __arm_cp.2_3                             0x00001d90   Number         4  ti_msp_dl_config.o(.text.SYSCFG_DL_GPIO_init)
    __arm_cp.2_4                             0x00001d94   Number         4  ti_msp_dl_config.o(.text.SYSCFG_DL_GPIO_init)
    __arm_cp.2_5                             0x00001d98   Number         4  ti_msp_dl_config.o(.text.SYSCFG_DL_GPIO_init)
    __arm_cp.2_6                             0x00001d9c   Number         4  ti_msp_dl_config.o(.text.SYSCFG_DL_GPIO_init)
    __arm_cp.2_7                             0x00001da0   Number         4  ti_msp_dl_config.o(.text.SYSCFG_DL_GPIO_init)
    __arm_cp.2_8                             0x00001da4   Number         4  ti_msp_dl_config.o(.text.SYSCFG_DL_GPIO_init)
    __arm_cp.2_9                             0x00001da8   Number         4  ti_msp_dl_config.o(.text.SYSCFG_DL_GPIO_init)
    __arm_cp.2_10                            0x00001dac   Number         4  ti_msp_dl_config.o(.text.SYSCFG_DL_GPIO_init)
    __arm_cp.2_11                            0x00001db0   Number         4  ti_msp_dl_config.o(.text.SYSCFG_DL_GPIO_init)
    __arm_cp.2_12                            0x00001db4   Number         4  ti_msp_dl_config.o(.text.SYSCFG_DL_GPIO_init)
    __arm_cp.2_13                            0x00001db8   Number         4  ti_msp_dl_config.o(.text.SYSCFG_DL_GPIO_init)
    __arm_cp.2_14                            0x00001dbc   Number         4  ti_msp_dl_config.o(.text.SYSCFG_DL_GPIO_init)
    [Anonymous Symbol]                       0x00001dc0   Section        0  ti_msp_dl_config.o(.text.SYSCFG_DL_I2C_0_init)
    __arm_cp.7_0                             0x00001e08   Number         4  ti_msp_dl_config.o(.text.SYSCFG_DL_I2C_0_init)
    __arm_cp.7_1                             0x00001e0c   Number         4  ti_msp_dl_config.o(.text.SYSCFG_DL_I2C_0_init)
    __arm_cp.7_2                             0x00001e10   Number         4  ti_msp_dl_config.o(.text.SYSCFG_DL_I2C_0_init)
    [Anonymous Symbol]                       0x00001e14   Section        0  ti_msp_dl_config.o(.text.SYSCFG_DL_SPI_0_init)
    __arm_cp.11_0                            0x00001e4c   Number         4  ti_msp_dl_config.o(.text.SYSCFG_DL_SPI_0_init)
    __arm_cp.11_1                            0x00001e50   Number         4  ti_msp_dl_config.o(.text.SYSCFG_DL_SPI_0_init)
    __arm_cp.11_2                            0x00001e54   Number         4  ti_msp_dl_config.o(.text.SYSCFG_DL_SPI_0_init)
    __arm_cp.11_3                            0x00001e58   Number         4  ti_msp_dl_config.o(.text.SYSCFG_DL_SPI_0_init)
    [Anonymous Symbol]                       0x00001e5c   Section        0  ti_msp_dl_config.o(.text.SYSCFG_DL_SPI_1_init)
    __arm_cp.12_0                            0x00001e94   Number         4  ti_msp_dl_config.o(.text.SYSCFG_DL_SPI_1_init)
    __arm_cp.12_1                            0x00001e98   Number         4  ti_msp_dl_config.o(.text.SYSCFG_DL_SPI_1_init)
    __arm_cp.12_2                            0x00001e9c   Number         4  ti_msp_dl_config.o(.text.SYSCFG_DL_SPI_1_init)
    __arm_cp.12_3                            0x00001ea0   Number         4  ti_msp_dl_config.o(.text.SYSCFG_DL_SPI_1_init)
    __arm_cp.12_4                            0x00001ea4   Number         4  ti_msp_dl_config.o(.text.SYSCFG_DL_SPI_1_init)
    [Anonymous Symbol]                       0x00001ea8   Section        0  ti_msp_dl_config.o(.text.SYSCFG_DL_SYSCTL_init)
    __arm_cp.3_0                             0x00001f2c   Number         4  ti_msp_dl_config.o(.text.SYSCFG_DL_SYSCTL_init)
    __arm_cp.3_1                             0x00001f30   Number         4  ti_msp_dl_config.o(.text.SYSCFG_DL_SYSCTL_init)
    __arm_cp.3_2                             0x00001f34   Number         4  ti_msp_dl_config.o(.text.SYSCFG_DL_SYSCTL_init)
    [Anonymous Symbol]                       0x00001f38   Section        0  ti_msp_dl_config.o(.text.SYSCFG_DL_TRNG_init)
    __arm_cp.16_0                            0x00001f74   Number         4  ti_msp_dl_config.o(.text.SYSCFG_DL_TRNG_init)
    __arm_cp.16_1                            0x00001f78   Number         4  ti_msp_dl_config.o(.text.SYSCFG_DL_TRNG_init)
    [Anonymous Symbol]                       0x00001f7c   Section        0  ti_msp_dl_config.o(.text.SYSCFG_DL_TimerA1_init)
    __arm_cp.6_0                             0x00001fa4   Number         4  ti_msp_dl_config.o(.text.SYSCFG_DL_TimerA1_init)
    __arm_cp.6_1                             0x00001fa8   Number         4  ti_msp_dl_config.o(.text.SYSCFG_DL_TimerA1_init)
    __arm_cp.6_2                             0x00001fac   Number         4  ti_msp_dl_config.o(.text.SYSCFG_DL_TimerA1_init)
    __arm_cp.6_3                             0x00001fb0   Number         4  ti_msp_dl_config.o(.text.SYSCFG_DL_TimerA1_init)
    __arm_cp.6_4                             0x00001fb4   Number         4  ti_msp_dl_config.o(.text.SYSCFG_DL_TimerA1_init)
    [Anonymous Symbol]                       0x00001fb8   Section        0  ti_msp_dl_config.o(.text.SYSCFG_DL_TimerG0_PWM_init)
    __arm_cp.5_0                             0x00002034   Number         4  ti_msp_dl_config.o(.text.SYSCFG_DL_TimerG0_PWM_init)
    __arm_cp.5_1                             0x00002038   Number         4  ti_msp_dl_config.o(.text.SYSCFG_DL_TimerG0_PWM_init)
    __arm_cp.5_2                             0x0000203c   Number         4  ti_msp_dl_config.o(.text.SYSCFG_DL_TimerG0_PWM_init)
    __arm_cp.5_3                             0x00002040   Number         4  ti_msp_dl_config.o(.text.SYSCFG_DL_TimerG0_PWM_init)
    __arm_cp.5_5                             0x00002044   Number         4  ti_msp_dl_config.o(.text.SYSCFG_DL_TimerG0_PWM_init)
    [Anonymous Symbol]                       0x00002048   Section        0  ti_msp_dl_config.o(.text.SYSCFG_DL_TimerG6_PWM_init)
    __arm_cp.4_0                             0x000020c8   Number         4  ti_msp_dl_config.o(.text.SYSCFG_DL_TimerG6_PWM_init)
    __arm_cp.4_1                             0x000020cc   Number         4  ti_msp_dl_config.o(.text.SYSCFG_DL_TimerG6_PWM_init)
    __arm_cp.4_2                             0x000020d0   Number         4  ti_msp_dl_config.o(.text.SYSCFG_DL_TimerG6_PWM_init)
    __arm_cp.4_3                             0x000020d4   Number         4  ti_msp_dl_config.o(.text.SYSCFG_DL_TimerG6_PWM_init)
    __arm_cp.4_4                             0x000020d8   Number         4  ti_msp_dl_config.o(.text.SYSCFG_DL_TimerG6_PWM_init)
    __arm_cp.4_5                             0x000020dc   Number         4  ti_msp_dl_config.o(.text.SYSCFG_DL_TimerG6_PWM_init)
    __arm_cp.4_6                             0x000020e0   Number         4  ti_msp_dl_config.o(.text.SYSCFG_DL_TimerG6_PWM_init)
    [Anonymous Symbol]                       0x000020e4   Section        0  ti_msp_dl_config.o(.text.SYSCFG_DL_UART_0_init)
    __arm_cp.8_0                             0x0000213c   Number         4  ti_msp_dl_config.o(.text.SYSCFG_DL_UART_0_init)
    __arm_cp.8_1                             0x00002140   Number         4  ti_msp_dl_config.o(.text.SYSCFG_DL_UART_0_init)
    __arm_cp.8_2                             0x00002144   Number         4  ti_msp_dl_config.o(.text.SYSCFG_DL_UART_0_init)
    __arm_cp.8_3                             0x00002148   Number         4  ti_msp_dl_config.o(.text.SYSCFG_DL_UART_0_init)
    __arm_cp.8_5                             0x0000214c   Number         4  ti_msp_dl_config.o(.text.SYSCFG_DL_UART_0_init)
    [Anonymous Symbol]                       0x00002150   Section        0  ti_msp_dl_config.o(.text.SYSCFG_DL_UART_1_init)
    __arm_cp.9_0                             0x000021a0   Number         4  ti_msp_dl_config.o(.text.SYSCFG_DL_UART_1_init)
    __arm_cp.9_1                             0x000021a4   Number         4  ti_msp_dl_config.o(.text.SYSCFG_DL_UART_1_init)
    __arm_cp.9_2                             0x000021a8   Number         4  ti_msp_dl_config.o(.text.SYSCFG_DL_UART_1_init)
    __arm_cp.9_3                             0x000021ac   Number         4  ti_msp_dl_config.o(.text.SYSCFG_DL_UART_1_init)
    [Anonymous Symbol]                       0x000021b0   Section        0  ti_msp_dl_config.o(.text.SYSCFG_DL_UART_4_init)
    __arm_cp.10_0                            0x00002200   Number         4  ti_msp_dl_config.o(.text.SYSCFG_DL_UART_4_init)
    __arm_cp.10_1                            0x00002204   Number         4  ti_msp_dl_config.o(.text.SYSCFG_DL_UART_4_init)
    __arm_cp.10_2                            0x00002208   Number         4  ti_msp_dl_config.o(.text.SYSCFG_DL_UART_4_init)
    __arm_cp.10_3                            0x0000220c   Number         4  ti_msp_dl_config.o(.text.SYSCFG_DL_UART_4_init)
    __arm_cp.10_4                            0x00002210   Number         4  ti_msp_dl_config.o(.text.SYSCFG_DL_UART_4_init)
    [Anonymous Symbol]                       0x00002214   Section        0  ti_msp_dl_config.o(.text.SYSCFG_DL_VREF_init)
    __arm_cp.15_0                            0x00002220   Number         4  ti_msp_dl_config.o(.text.SYSCFG_DL_VREF_init)
    __arm_cp.15_1                            0x00002224   Number         4  ti_msp_dl_config.o(.text.SYSCFG_DL_VREF_init)
    [Anonymous Symbol]                       0x00002228   Section        0  ti_msp_dl_config.o(.text.SYSCFG_DL_init)
    __arm_cp.0_0                             0x0000228c   Number         4  ti_msp_dl_config.o(.text.SYSCFG_DL_init)
    __arm_cp.0_1                             0x00002290   Number         4  ti_msp_dl_config.o(.text.SYSCFG_DL_init)
    __arm_cp.0_2                             0x00002294   Number         4  ti_msp_dl_config.o(.text.SYSCFG_DL_init)
    __arm_cp.0_3                             0x00002298   Number         4  ti_msp_dl_config.o(.text.SYSCFG_DL_init)
    __arm_cp.0_4                             0x0000229c   Number         4  ti_msp_dl_config.o(.text.SYSCFG_DL_init)
    [Anonymous Symbol]                       0x000022a0   Section        0  ti_msp_dl_config.o(.text.SYSCFG_DL_initPower)
    __arm_cp.1_0                             0x00002330   Number         4  ti_msp_dl_config.o(.text.SYSCFG_DL_initPower)
    __arm_cp.1_1                             0x00002334   Number         4  ti_msp_dl_config.o(.text.SYSCFG_DL_initPower)
    __arm_cp.1_2                             0x00002338   Number         4  ti_msp_dl_config.o(.text.SYSCFG_DL_initPower)
    __arm_cp.1_3                             0x0000233c   Number         4  ti_msp_dl_config.o(.text.SYSCFG_DL_initPower)
    __arm_cp.1_4                             0x00002340   Number         4  ti_msp_dl_config.o(.text.SYSCFG_DL_initPower)
    __arm_cp.1_5                             0x00002344   Number         4  ti_msp_dl_config.o(.text.SYSCFG_DL_initPower)
    __arm_cp.1_6                             0x00002348   Number         4  ti_msp_dl_config.o(.text.SYSCFG_DL_initPower)
    __arm_cp.1_7                             0x0000234c   Number         4  ti_msp_dl_config.o(.text.SYSCFG_DL_initPower)
    __arm_cp.1_8                             0x00002350   Number         4  ti_msp_dl_config.o(.text.SYSCFG_DL_initPower)
    __arm_cp.1_9                             0x00002354   Number         4  ti_msp_dl_config.o(.text.SYSCFG_DL_initPower)
    __arm_cp.1_10                            0x00002358   Number         4  ti_msp_dl_config.o(.text.SYSCFG_DL_initPower)
    __arm_cp.1_11                            0x0000235c   Number         4  ti_msp_dl_config.o(.text.SYSCFG_DL_initPower)
    __arm_cp.1_12                            0x00002360   Number         4  ti_msp_dl_config.o(.text.SYSCFG_DL_initPower)
    __arm_cp.1_13                            0x00002364   Number         4  ti_msp_dl_config.o(.text.SYSCFG_DL_initPower)
    __arm_cp.1_14                            0x00002368   Number         4  ti_msp_dl_config.o(.text.SYSCFG_DL_initPower)
    __arm_cp.1_15                            0x0000236c   Number         4  ti_msp_dl_config.o(.text.SYSCFG_DL_initPower)
    __arm_cp.1_16                            0x00002370   Number         4  ti_msp_dl_config.o(.text.SYSCFG_DL_initPower)
    __arm_cp.1_17                            0x00002374   Number         4  ti_msp_dl_config.o(.text.SYSCFG_DL_initPower)
    __arm_cp.1_18                            0x00002378   Number         4  ti_msp_dl_config.o(.text.SYSCFG_DL_initPower)
    [Anonymous Symbol]                       0x0000237c   Section        0  main.o(.text.main)
    __arm_cp.0_0                             0x000023bc   Number         4  main.o(.text.main)
    __arm_cp.0_1                             0x000023c0   Number         4  main.o(.text.main)
    .text_divfast                            0x000023c4   Section      502  aeabi_sdivfast.o(.text_divfast)
    gADC0ClockConfig                         0x00002b54   Data           8  ti_msp_dl_config.o(.rodata.gADC0ClockConfig)
    [Anonymous Symbol]                       0x00002b54   Section        0  ti_msp_dl_config.o(.rodata.gADC0ClockConfig)
    gADC1ClockConfig                         0x00002b5c   Data           8  ti_msp_dl_config.o(.rodata.gADC1ClockConfig)
    [Anonymous Symbol]                       0x00002b5c   Section        0  ti_msp_dl_config.o(.rodata.gADC1ClockConfig)
    gDAC12Config                             0x00002b64   Data          32  ti_msp_dl_config.o(.rodata.gDAC12Config)
    [Anonymous Symbol]                       0x00002b64   Section        0  ti_msp_dl_config.o(.rodata.gDAC12Config)
    gI2C_0ClockConfig                        0x00002b84   Data           2  ti_msp_dl_config.o(.rodata.gI2C_0ClockConfig)
    [Anonymous Symbol]                       0x00002b84   Section        0  ti_msp_dl_config.o(.rodata.gI2C_0ClockConfig)
    gSPI_0_clockConfig                       0x00002b86   Data           2  ti_msp_dl_config.o(.rodata.gSPI_0_clockConfig)
    [Anonymous Symbol]                       0x00002b86   Section        0  ti_msp_dl_config.o(.rodata.gSPI_0_clockConfig)
    gSPI_0_config                            0x00002b88   Data          10  ti_msp_dl_config.o(.rodata.gSPI_0_config)
    [Anonymous Symbol]                       0x00002b88   Section        0  ti_msp_dl_config.o(.rodata.gSPI_0_config)
    gSPI_1_clockConfig                       0x00002b92   Data           2  ti_msp_dl_config.o(.rodata.gSPI_1_clockConfig)
    [Anonymous Symbol]                       0x00002b92   Section        0  ti_msp_dl_config.o(.rodata.gSPI_1_clockConfig)
    gSPI_1_config                            0x00002b94   Data          10  ti_msp_dl_config.o(.rodata.gSPI_1_config)
    [Anonymous Symbol]                       0x00002b94   Section        0  ti_msp_dl_config.o(.rodata.gSPI_1_config)
    gSYSPLLConfig                            0x00002ba0   Data          40  ti_msp_dl_config.o(.rodata.gSYSPLLConfig)
    [Anonymous Symbol]                       0x00002ba0   Section        0  ti_msp_dl_config.o(.rodata.gSYSPLLConfig)
    gTimerA1ClockConfig                      0x00002bc8   Data           3  ti_msp_dl_config.o(.rodata.gTimerA1ClockConfig)
    [Anonymous Symbol]                       0x00002bc8   Section        0  ti_msp_dl_config.o(.rodata.gTimerA1ClockConfig)
    gTimerA1TimerConfig                      0x00002bcc   Data          20  ti_msp_dl_config.o(.rodata.gTimerA1TimerConfig)
    [Anonymous Symbol]                       0x00002bcc   Section        0  ti_msp_dl_config.o(.rodata.gTimerA1TimerConfig)
    gTimerG0_PWMClockConfig                  0x00002be0   Data           3  ti_msp_dl_config.o(.rodata.gTimerG0_PWMClockConfig)
    [Anonymous Symbol]                       0x00002be0   Section        0  ti_msp_dl_config.o(.rodata.gTimerG0_PWMClockConfig)
    gTimerG0_PWMConfig                       0x00002be4   Data           8  ti_msp_dl_config.o(.rodata.gTimerG0_PWMConfig)
    [Anonymous Symbol]                       0x00002be4   Section        0  ti_msp_dl_config.o(.rodata.gTimerG0_PWMConfig)
    gTimerG6_PWMClockConfig                  0x00002bec   Data           3  ti_msp_dl_config.o(.rodata.gTimerG6_PWMClockConfig)
    [Anonymous Symbol]                       0x00002bec   Section        0  ti_msp_dl_config.o(.rodata.gTimerG6_PWMClockConfig)
    gTimerG6_PWMConfig                       0x00002bf0   Data           8  ti_msp_dl_config.o(.rodata.gTimerG6_PWMConfig)
    [Anonymous Symbol]                       0x00002bf0   Section        0  ti_msp_dl_config.o(.rodata.gTimerG6_PWMConfig)
    gUART_0ClockConfig                       0x00002bf8   Data           2  ti_msp_dl_config.o(.rodata.gUART_0ClockConfig)
    [Anonymous Symbol]                       0x00002bf8   Section        0  ti_msp_dl_config.o(.rodata.gUART_0ClockConfig)
    gUART_0Config                            0x00002bfa   Data          10  ti_msp_dl_config.o(.rodata.gUART_0Config)
    [Anonymous Symbol]                       0x00002bfa   Section        0  ti_msp_dl_config.o(.rodata.gUART_0Config)
    gUART_1ClockConfig                       0x00002c04   Data           2  ti_msp_dl_config.o(.rodata.gUART_1ClockConfig)
    [Anonymous Symbol]                       0x00002c04   Section        0  ti_msp_dl_config.o(.rodata.gUART_1ClockConfig)
    gUART_1Config                            0x00002c06   Data          10  ti_msp_dl_config.o(.rodata.gUART_1Config)
    [Anonymous Symbol]                       0x00002c06   Section        0  ti_msp_dl_config.o(.rodata.gUART_1Config)
    gUART_4ClockConfig                       0x00002c10   Data           2  ti_msp_dl_config.o(.rodata.gUART_4ClockConfig)
    [Anonymous Symbol]                       0x00002c10   Section        0  ti_msp_dl_config.o(.rodata.gUART_4ClockConfig)
    gUART_4Config                            0x00002c12   Data          10  ti_msp_dl_config.o(.rodata.gUART_4Config)
    [Anonymous Symbol]                       0x00002c12   Section        0  ti_msp_dl_config.o(.rodata.gUART_4Config)
    gVREFConfig                              0x00002c1c   Data           8  ti_msp_dl_config.o(.rodata.gVREFConfig)
    [Anonymous Symbol]                       0x00002c1c   Section        0  ti_msp_dl_config.o(.rodata.gVREFConfig)
    .bss                                     0x20200048   Section       96  libspace.o(.bss)
    Heap_Mem                                 0x20200678   Data           0  startup_mspm0g351x_uvision.o(HEAP)
    Stack_Mem                                0x20200678   Data        8192  startup_mspm0g351x_uvision.o(STACK)
    HEAP                                     0x20200678   Section        0  startup_mspm0g351x_uvision.o(HEAP)
    STACK                                    0x20200678   Section     8192  startup_mspm0g351x_uvision.o(STACK)
    __initial_sp                             0x20202678   Data           0  startup_mspm0g351x_uvision.o(STACK)

    Global Symbols

    Symbol Name                              Value     Ov Type        Size  Object(Section)

    BuildAttributes$$THM_ISAv3M$S$PE$A:L22$X:L11$S22$IEEE1$IW$~IW$USESV6$~STKCKD$USESV7$~SHL$OTIME$ROPI$EBA8$UX$STANDARDLIB$REQ8$PRES8$EABIv2 0x00000000   Number         0  anon$$obj.o ABSOLUTE
    __Vectors                                0x00000000   Data           4  startup_mspm0g351x_uvision.o(RESET)
    __ARM_exceptions_init                     - Undefined Weak Reference
    __alloca_initialize                       - Undefined Weak Reference
    __arm_preinit_                            - Undefined Weak Reference
    __arm_relocate_pie_                       - Undefined Weak Reference
    __cpp_initialize__aeabi_                  - Undefined Weak Reference
    __cxa_finalize                            - Undefined Weak Reference
    __rt_locale                               - Undefined Weak Reference
    __sigvec_lookup                           - Undefined Weak Reference
    _atexit_init                              - Undefined Weak Reference
    _call_atexit_fns                          - Undefined Weak Reference
    _clock_init                               - Undefined Weak Reference
    _fp_trap_init                             - Undefined Weak Reference
    _fp_trap_shutdown                         - Undefined Weak Reference
    _get_lc_collate                           - Undefined Weak Reference
    _get_lc_ctype                             - Undefined Weak Reference
    _get_lc_monetary                          - Undefined Weak Reference
    _get_lc_numeric                           - Undefined Weak Reference
    _get_lc_time                              - Undefined Weak Reference
    _getenv_init                              - Undefined Weak Reference
    _handle_redirection                       - Undefined Weak Reference
    _init_alloc                               - Undefined Weak Reference
    _init_user_alloc                          - Undefined Weak Reference
    _initio                                   - Undefined Weak Reference
    _rand_init                                - Undefined Weak Reference
    _signal_finish                            - Undefined Weak Reference
    _signal_init                              - Undefined Weak Reference
    _terminate_alloc                          - Undefined Weak Reference
    _terminate_user_alloc                     - Undefined Weak Reference
    _terminateio                              - Undefined Weak Reference
    __Vectors_End                            0x000000c0   Data           0  startup_mspm0g351x_uvision.o(RESET)
    __Vectors_Size                           0x000000c0   Number         0  startup_mspm0g351x_uvision.o ABSOLUTE
    __main                                   0x000000c1   Thumb Code     8  __main.o(!!!main)
    __scatterload                            0x000000c9   Thumb Code     0  __scatter.o(!!!scatter)
    __scatterload_rt2                        0x000000c9   Thumb Code    74  __scatter.o(!!!scatter)
    __scatterload_rt2_thumb_only             0x000000c9   Thumb Code     0  __scatter.o(!!!scatter)
    __scatterload_loop                       0x000000d3   Thumb Code     0  __scatter.o(!!!scatter)
    __scatterload_copy                       0x00000121   Thumb Code    26  __scatter_copy.o(!!handler_copy)
    __scatterload_null                       0x00000141   Thumb Code     2  __scatter.o(!!handler_null)
    __scatterload_zeroinit                   0x00000149   Thumb Code    28  __scatter_zi.o(!!handler_zi)
    __rt_lib_init                            0x00000165   Thumb Code     0  libinit.o(.ARM.Collect$$libinit$$00000000)
    __rt_lib_init_alloca_1                   0x00000167   Thumb Code     0  libinit2.o(.ARM.Collect$$libinit$$00000030)
    __rt_lib_init_argv_1                     0x00000167   Thumb Code     0  libinit2.o(.ARM.Collect$$libinit$$0000002E)
    __rt_lib_init_atexit_1                   0x00000167   Thumb Code     0  libinit2.o(.ARM.Collect$$libinit$$0000001D)
    __rt_lib_init_clock_1                    0x00000167   Thumb Code     0  libinit2.o(.ARM.Collect$$libinit$$00000023)
    __rt_lib_init_cpp_1                      0x00000167   Thumb Code     0  libinit2.o(.ARM.Collect$$libinit$$00000034)
    __rt_lib_init_exceptions_1               0x00000167   Thumb Code     0  libinit2.o(.ARM.Collect$$libinit$$00000032)
    __rt_lib_init_fp_1                       0x00000167   Thumb Code     0  libinit2.o(.ARM.Collect$$libinit$$00000002)
    __rt_lib_init_fp_trap_1                  0x00000167   Thumb Code     0  libinit2.o(.ARM.Collect$$libinit$$00000021)
    __rt_lib_init_getenv_1                   0x00000167   Thumb Code     0  libinit2.o(.ARM.Collect$$libinit$$00000025)
    __rt_lib_init_heap_1                     0x00000167   Thumb Code     0  libinit2.o(.ARM.Collect$$libinit$$0000000C)
    __rt_lib_init_lc_collate_1               0x00000167   Thumb Code     0  libinit2.o(.ARM.Collect$$libinit$$00000013)
    __rt_lib_init_lc_ctype_1                 0x00000167   Thumb Code     0  libinit2.o(.ARM.Collect$$libinit$$00000015)
    __rt_lib_init_lc_monetary_1              0x00000167   Thumb Code     0  libinit2.o(.ARM.Collect$$libinit$$00000017)
    __rt_lib_init_lc_numeric_1               0x00000167   Thumb Code     0  libinit2.o(.ARM.Collect$$libinit$$00000019)
    __rt_lib_init_lc_time_1                  0x00000167   Thumb Code     0  libinit2.o(.ARM.Collect$$libinit$$0000001B)
    __rt_lib_init_preinit_1                  0x00000167   Thumb Code     0  libinit2.o(.ARM.Collect$$libinit$$00000006)
    __rt_lib_init_rand_1                     0x00000167   Thumb Code     0  libinit2.o(.ARM.Collect$$libinit$$00000010)
    __rt_lib_init_relocate_pie_1             0x00000167   Thumb Code     0  libinit2.o(.ARM.Collect$$libinit$$00000004)
    __rt_lib_init_return                     0x00000167   Thumb Code     0  libinit2.o(.ARM.Collect$$libinit$$00000035)
    __rt_lib_init_signal_1                   0x00000167   Thumb Code     0  libinit2.o(.ARM.Collect$$libinit$$0000001F)
    __rt_lib_init_stdio_1                    0x00000167   Thumb Code     0  libinit2.o(.ARM.Collect$$libinit$$00000027)
    __rt_lib_init_user_alloc_1               0x00000167   Thumb Code     0  libinit2.o(.ARM.Collect$$libinit$$0000000E)
    __rt_lib_shutdown                        0x00000169   Thumb Code     0  libshutdown.o(.ARM.Collect$$libshutdown$$00000000)
    __rt_lib_shutdown_cpp_1                  0x0000016b   Thumb Code     0  libshutdown2.o(.ARM.Collect$$libshutdown$$00000002)
    __rt_lib_shutdown_fp_trap_1              0x0000016b   Thumb Code     0  libshutdown2.o(.ARM.Collect$$libshutdown$$00000007)
    __rt_lib_shutdown_heap_1                 0x0000016b   Thumb Code     0  libshutdown2.o(.ARM.Collect$$libshutdown$$0000000F)
    __rt_lib_shutdown_return                 0x0000016b   Thumb Code     0  libshutdown2.o(.ARM.Collect$$libshutdown$$00000010)
    __rt_lib_shutdown_signal_1               0x0000016b   Thumb Code     0  libshutdown2.o(.ARM.Collect$$libshutdown$$0000000A)
    __rt_lib_shutdown_stdio_1                0x0000016b   Thumb Code     0  libshutdown2.o(.ARM.Collect$$libshutdown$$00000004)
    __rt_lib_shutdown_user_alloc_1           0x0000016b   Thumb Code     0  libshutdown2.o(.ARM.Collect$$libshutdown$$0000000C)
    __rt_entry                               0x0000016d   Thumb Code     0  __rtentry.o(.ARM.Collect$$rtentry$$00000000)
    __rt_entry_presh_1                       0x0000016d   Thumb Code     0  __rtentry2.o(.ARM.Collect$$rtentry$$00000002)
    __rt_entry_sh                            0x0000016d   Thumb Code     0  __rtentry4.o(.ARM.Collect$$rtentry$$00000004)
    __rt_entry_li                            0x00000173   Thumb Code     0  __rtentry2.o(.ARM.Collect$$rtentry$$0000000A)
    __rt_entry_postsh_1                      0x00000173   Thumb Code     0  __rtentry2.o(.ARM.Collect$$rtentry$$00000009)
    __rt_entry_main                          0x00000177   Thumb Code     0  __rtentry2.o(.ARM.Collect$$rtentry$$0000000D)
    __rt_entry_postli_1                      0x00000177   Thumb Code     0  __rtentry2.o(.ARM.Collect$$rtentry$$0000000C)
    __rt_exit                                0x0000017f   Thumb Code     0  rtexit.o(.ARM.Collect$$rtexit$$00000000)
    __rt_exit_ls                             0x00000181   Thumb Code     0  rtexit2.o(.ARM.Collect$$rtexit$$00000003)
    __rt_exit_prels_1                        0x00000181   Thumb Code     0  rtexit2.o(.ARM.Collect$$rtexit$$00000002)
    __rt_exit_exit                           0x00000185   Thumb Code     0  rtexit2.o(.ARM.Collect$$rtexit$$00000004)
    Reset_Handler                            0x0000018d   Thumb Code     4  startup_mspm0g351x_uvision.o(.text)
    NMI_Handler                              0x00000191   Thumb Code     2  startup_mspm0g351x_uvision.o(.text)
    HardFault_Handler                        0x00000193   Thumb Code     2  startup_mspm0g351x_uvision.o(.text)
    SVC_Handler                              0x00000195   Thumb Code     2  startup_mspm0g351x_uvision.o(.text)
    PendSV_Handler                           0x00000197   Thumb Code     2  startup_mspm0g351x_uvision.o(.text)
    SysTick_Handler                          0x00000199   Thumb Code     2  startup_mspm0g351x_uvision.o(.text)
    ADC0_IRQHandler                          0x0000019b   Thumb Code     0  startup_mspm0g351x_uvision.o(.text)
    ADC1_IRQHandler                          0x0000019b   Thumb Code     0  startup_mspm0g351x_uvision.o(.text)
    AESADV_IRQHandler                        0x0000019b   Thumb Code     0  startup_mspm0g351x_uvision.o(.text)
    CANFD0_IRQHandler                        0x0000019b   Thumb Code     0  startup_mspm0g351x_uvision.o(.text)
    CANFD1_IRQHandler                        0x0000019b   Thumb Code     0  startup_mspm0g351x_uvision.o(.text)
    DAC0_IRQHandler                          0x0000019b   Thumb Code     0  startup_mspm0g351x_uvision.o(.text)
    DMA_IRQHandler                           0x0000019b   Thumb Code     0  startup_mspm0g351x_uvision.o(.text)
    Default_Handler                          0x0000019b   Thumb Code     2  startup_mspm0g351x_uvision.o(.text)
    GROUP0_IRQHandler                        0x0000019b   Thumb Code     0  startup_mspm0g351x_uvision.o(.text)
    GROUP1_IRQHandler                        0x0000019b   Thumb Code     0  startup_mspm0g351x_uvision.o(.text)
    I2C0_IRQHandler                          0x0000019b   Thumb Code     0  startup_mspm0g351x_uvision.o(.text)
    I2C1_IRQHandler                          0x0000019b   Thumb Code     0  startup_mspm0g351x_uvision.o(.text)
    I2C2_IRQHandler                          0x0000019b   Thumb Code     0  startup_mspm0g351x_uvision.o(.text)
    LFSS_IRQHandler                          0x0000019b   Thumb Code     0  startup_mspm0g351x_uvision.o(.text)
    SPI0_IRQHandler                          0x0000019b   Thumb Code     0  startup_mspm0g351x_uvision.o(.text)
    SPI1_IRQHandler                          0x0000019b   Thumb Code     0  startup_mspm0g351x_uvision.o(.text)
    SPI2_IRQHandler                          0x0000019b   Thumb Code     0  startup_mspm0g351x_uvision.o(.text)
    TIMA0_IRQHandler                         0x0000019b   Thumb Code     0  startup_mspm0g351x_uvision.o(.text)
    TIMA1_IRQHandler                         0x0000019b   Thumb Code     0  startup_mspm0g351x_uvision.o(.text)
    TIMG0_IRQHandler                         0x0000019b   Thumb Code     0  startup_mspm0g351x_uvision.o(.text)
    TIMG12_IRQHandler                        0x0000019b   Thumb Code     0  startup_mspm0g351x_uvision.o(.text)
    TIMG14_IRQHandler                        0x0000019b   Thumb Code     0  startup_mspm0g351x_uvision.o(.text)
    TIMG6_IRQHandler                         0x0000019b   Thumb Code     0  startup_mspm0g351x_uvision.o(.text)
    TIMG7_IRQHandler                         0x0000019b   Thumb Code     0  startup_mspm0g351x_uvision.o(.text)
    TIMG8_IRQHandler                         0x0000019b   Thumb Code     0  startup_mspm0g351x_uvision.o(.text)
    TIMG9_IRQHandler                         0x0000019b   Thumb Code     0  startup_mspm0g351x_uvision.o(.text)
    UART0_IRQHandler                         0x0000019b   Thumb Code     0  startup_mspm0g351x_uvision.o(.text)
    UART1_IRQHandler                         0x0000019b   Thumb Code     0  startup_mspm0g351x_uvision.o(.text)
    UART3_IRQHandler                         0x0000019b   Thumb Code     0  startup_mspm0g351x_uvision.o(.text)
    UART4_IRQHandler                         0x0000019b   Thumb Code     0  startup_mspm0g351x_uvision.o(.text)
    UART5_IRQHandler                         0x0000019b   Thumb Code     0  startup_mspm0g351x_uvision.o(.text)
    UART6_IRQHandler                         0x0000019b   Thumb Code     0  startup_mspm0g351x_uvision.o(.text)
    UART7_IRQHandler                         0x0000019b   Thumb Code     0  startup_mspm0g351x_uvision.o(.text)
    __user_initial_stackheap                 0x0000019d   Thumb Code    10  startup_mspm0g351x_uvision.o(.text)
    _memset_w                                0x000001b9   Thumb Code    26  rt_memclr.o(.text)
    _memset                                  0x000001d3   Thumb Code    30  rt_memclr.o(.text)
    __aeabi_memclr                           0x000001f1   Thumb Code     4  rt_memclr.o(.text)
    __rt_memclr                              0x000001f1   Thumb Code     0  rt_memclr.o(.text)
    __aeabi_memclr4                          0x000001f5   Thumb Code     0  rt_memclr.o(.text)
    __aeabi_memclr8                          0x000001f5   Thumb Code     0  rt_memclr.o(.text)
    __rt_memclr_w                            0x000001f5   Thumb Code     4  rt_memclr.o(.text)
    __aeabi_uidivmod                         0x000001f9   Thumb Code    28  aeabi_sdivfast.o(.text)
    __aeabi_idivmod                          0x00000215   Thumb Code   472  aeabi_sdivfast.o(.text)
    __use_two_region_memory                  0x000003f1   Thumb Code     2  heapauxi.o(.text)
    __rt_heap_escrow$2region                 0x000003f3   Thumb Code     2  heapauxi.o(.text)
    __rt_heap_expand$2region                 0x000003f5   Thumb Code     2  heapauxi.o(.text)
    __user_setup_stackheap                   0x000003f7   Thumb Code    62  sys_stackheap_outer.o(.text)
    exit                                     0x00000435   Thumb Code    16  exit.o(.text)
    __user_libspace                          0x00000445   Thumb Code     8  libspace.o(.text)
    __user_perproc_libspace                  0x00000445   Thumb Code     0  libspace.o(.text)
    __user_perthread_libspace                0x00000445   Thumb Code     0  libspace.o(.text)
    _sys_exit                                0x0000044d   Thumb Code     8  sys_exit.o(.text)
    __I$use$semihosting                      0x00000459   Thumb Code     0  use_no_semi.o(.text)
    __use_no_semihosting_swi                 0x00000459   Thumb Code     2  use_no_semi.o(.text)
    __semihosting_library_function           0x0000045b   Thumb Code     0  indicate_semi.o(.text)
    DL_ADC12_setClockConfig                  0x0000045d   Thumb Code    56  dl_adc12.o(.text.DL_ADC12_setClockConfig)
    DL_Common_delayCycles                    0x0000049d   Thumb Code    10  dl_common.o(.text.DL_Common_delayCycles)
    DL_DAC12_init                            0x000004a9   Thumb Code   104  dl_dac12.o(.text.DL_DAC12_init)
    DL_FactoryRegion_initTrimTable           0x00000531   Thumb Code    76  dl_factoryregion.o(.text.DL_FactoryRegion_initTrimTable)
    DL_I2C_setClockConfig                    0x00000585   Thumb Code    38  dl_i2c.o(.text.DL_I2C_setClockConfig)
    DL_SPI_init                              0x000005ad   Thumb Code    60  dl_spi.o(.text.DL_SPI_init)
    DL_SPI_setClockConfig                    0x000005f1   Thumb Code    18  dl_spi.o(.text.DL_SPI_setClockConfig)
    DL_SYSCTL_configSYSPLL                   0x00000605   Thumb Code   240  dl_sysctl_mspm0gx51x.o(.text.DL_SYSCTL_configSYSPLL)
    DL_SYSCTL_setHFCLKSourceHFXTParams       0x00000705   Thumb Code   128  dl_sysctl_mspm0gx51x.o(.text.DL_SYSCTL_setHFCLKSourceHFXTParams)
    DL_SYSCTL_switchMCLKfromSYSOSCtoHSCLK    0x00000791   Thumb Code    72  dl_sysctl_mspm0gx51x.o(.text.DL_SYSCTL_switchMCLKfromSYSOSCtoHSCLK)
    DL_Timer_initFourCCPWMMode               0x000007e1   Thumb Code   236  dl_timer.o(.text.DL_Timer_initFourCCPWMMode)
    DL_Timer_initTimerMode                   0x000008e1   Thumb Code   240  dl_timer.o(.text.DL_Timer_initTimerMode)
    DL_Timer_setCaptCompUpdateMethod         0x000009e1   Thumb Code    24  dl_timer.o(.text.DL_Timer_setCaptCompUpdateMethod)
    DL_Timer_setCaptureCompareOutCtl         0x000009fd   Thumb Code    20  dl_timer.o(.text.DL_Timer_setCaptureCompareOutCtl)
    DL_Timer_setCaptureCompareValue          0x00000a15   Thumb Code    12  dl_timer.o(.text.DL_Timer_setCaptureCompareValue)
    DL_Timer_setClockConfig                  0x00000a25   Thumb Code    24  dl_timer.o(.text.DL_Timer_setClockConfig)
    DL_UART_init                             0x00000a41   Thumb Code    64  dl_uart.o(.text.DL_UART_init)
    DL_UART_setClockConfig                   0x00000a89   Thumb Code    18  dl_uart.o(.text.DL_UART_setClockConfig)
    DL_VREF_configReference                  0x00000a9b   Thumb Code    32  dl_vref.o(.text.DL_VREF_configReference)
    KeySCInput                               0x00000abd   Thumb Code   528  keyboard.o(.text.KeySCInput)
    Keyboard_init                            0x00000cd1   Thumb Code    24  keyboard.o(.text.Keyboard_init)
    OLED_Clear                               0x00000ced   Thumb Code   356  oled_spi_v0.2.o(.text.OLED_Clear)
    OLED_DrawBMP                             0x00000e55   Thumb Code   524  oled_spi_v0.2.o(.text.OLED_DrawBMP)
    OLED_Init                                0x00001061   Thumb Code  1984  oled_spi_v0.2.o(.text.OLED_Init)
    OLED_ShowChar                            0x00001821   Thumb Code   592  oled_spi_v0.2.o(.text.OLED_ShowChar)
    OLED_ShowNum                             0x00001a7d   Thumb Code   220  oled_spi_v0.2.o(.text.OLED_ShowNum)
    SYSCFG_DL_ADC0_init                      0x00001b5d   Thumb Code    84  ti_msp_dl_config.o(.text.SYSCFG_DL_ADC0_init)
    SYSCFG_DL_ADC1_init                      0x00001bc1   Thumb Code    68  ti_msp_dl_config.o(.text.SYSCFG_DL_ADC1_init)
    SYSCFG_DL_DAC12_init                     0x00001c1d   Thumb Code    28  ti_msp_dl_config.o(.text.SYSCFG_DL_DAC12_init)
    SYSCFG_DL_GPIO_init                      0x00001c4d   Thumb Code   312  ti_msp_dl_config.o(.text.SYSCFG_DL_GPIO_init)
    SYSCFG_DL_I2C_0_init                     0x00001dc1   Thumb Code    72  ti_msp_dl_config.o(.text.SYSCFG_DL_I2C_0_init)
    SYSCFG_DL_SPI_0_init                     0x00001e15   Thumb Code    56  ti_msp_dl_config.o(.text.SYSCFG_DL_SPI_0_init)
    SYSCFG_DL_SPI_1_init                     0x00001e5d   Thumb Code    56  ti_msp_dl_config.o(.text.SYSCFG_DL_SPI_1_init)
    SYSCFG_DL_SYSCTL_init                    0x00001ea9   Thumb Code   132  ti_msp_dl_config.o(.text.SYSCFG_DL_SYSCTL_init)
    SYSCFG_DL_TRNG_init                      0x00001f39   Thumb Code    60  ti_msp_dl_config.o(.text.SYSCFG_DL_TRNG_init)
    SYSCFG_DL_TimerA1_init                   0x00001f7d   Thumb Code    40  ti_msp_dl_config.o(.text.SYSCFG_DL_TimerA1_init)
    SYSCFG_DL_TimerG0_PWM_init               0x00001fb9   Thumb Code   124  ti_msp_dl_config.o(.text.SYSCFG_DL_TimerG0_PWM_init)
    SYSCFG_DL_TimerG6_PWM_init               0x00002049   Thumb Code   128  ti_msp_dl_config.o(.text.SYSCFG_DL_TimerG6_PWM_init)
    SYSCFG_DL_UART_0_init                    0x000020e5   Thumb Code    88  ti_msp_dl_config.o(.text.SYSCFG_DL_UART_0_init)
    SYSCFG_DL_UART_1_init                    0x00002151   Thumb Code    80  ti_msp_dl_config.o(.text.SYSCFG_DL_UART_1_init)
    SYSCFG_DL_UART_4_init                    0x000021b1   Thumb Code    80  ti_msp_dl_config.o(.text.SYSCFG_DL_UART_4_init)
    SYSCFG_DL_VREF_init                      0x00002215   Thumb Code    12  ti_msp_dl_config.o(.text.SYSCFG_DL_VREF_init)
    SYSCFG_DL_init                           0x00002229   Thumb Code   100  ti_msp_dl_config.o(.text.SYSCFG_DL_init)
    SYSCFG_DL_initPower                      0x000022a1   Thumb Code   144  ti_msp_dl_config.o(.text.SYSCFG_DL_initPower)
    main                                     0x0000237d   Thumb Code    64  main.o(.text.main)
    __aeabi_uidiv                            0x000023c5   Thumb Code    68  aeabi_sdivfast.o(.text_divfast)
    __aeabi_idiv                             0x00002409   Thumb Code   434  aeabi_sdivfast.o(.text_divfast)
    F6x8                                     0x000025ba   Data         552  oled_spi_v0.2.o(.rodata.F6x8)
    Genshin                                  0x000027e2   Data         880  main.o(.rodata.Genshin)
    Region$$Table$$Base                      0x00002c28   Number         0  anon$$obj.o(Region$$Table)
    Region$$Table$$Limit                     0x00002c48   Number         0  anon$$obj.o(Region$$Table)
    DL_FACTORYREGION_TrimTable               0x20200000   Data          68  dl_factoryregion.o(.TrimTable)
    FACTORYVALUE                             0x20200044   Data           4  dl_factoryregion.o(.data.FACTORYVALUE)
    __libspace_start                         0x20200048   Data          96  libspace.o(.bss)
    OLED_GRAM                                0x202000a8   Data        1040  oled_spi_v0.2.o(.bss.OLED_GRAM)
    __temporary_stack_top$libspace           0x202000a8   Data           0  libspace.o(.bss)
    gSPI_0Backup                             0x202004b8   Data          40  ti_msp_dl_config.o(.bss.gSPI_0Backup)
    gSPI_1Backup                             0x202004e0   Data          40  ti_msp_dl_config.o(.bss.gSPI_1Backup)
    gTRNGBackup                              0x20200508   Data          16  ti_msp_dl_config.o(.bss.gTRNGBackup)
    gTimerA1Backup                           0x20200518   Data         188  ti_msp_dl_config.o(.bss.gTimerA1Backup)
    gTimerG6_PWMBackup                       0x202005d4   Data         160  ti_msp_dl_config.o(.bss.gTimerG6_PWMBackup)



==============================================================================

Memory Map of the image

  Image Entry point : 0x000000c1

  Load Region LR_IROM1 (Base: 0x00000000, Size: 0x00002c90, Max: 0x00080000, ABSOLUTE)

    Execution Region ER_IROM1 (Exec base: 0x00000000, Load base: 0x00000000, Size: 0x00002c48, Max: 0x00080000, ABSOLUTE)

    Exec Addr    Load Addr    Size         Type   Attr      Idx    E Section Name        Object

    0x00000000   0x00000000   0x000000c0   Data   RO         1002    RESET               startup_mspm0g351x_uvision.o
    0x000000c0   0x000000c0   0x00000008   Code   RO         1027  * !!!main             c_p.l(__main.o)
    0x000000c8   0x000000c8   0x00000054   Code   RO         1204    !!!scatter          c_p.l(__scatter.o)
    0x0000011c   0x0000011c   0x00000004   PAD
    0x00000120   0x00000120   0x0000001a   Code   RO         1208    !!handler_copy      c_p.l(__scatter_copy.o)
    0x0000013a   0x0000013a   0x00000006   PAD
    0x00000140   0x00000140   0x00000002   Code   RO         1205    !!handler_null      c_p.l(__scatter.o)
    0x00000142   0x00000142   0x00000006   PAD
    0x00000148   0x00000148   0x0000001c   Code   RO         1210    !!handler_zi        c_p.l(__scatter_zi.o)
    0x00000164   0x00000164   0x00000002   Code   RO         1065    .ARM.Collect$$libinit$$00000000  c_p.l(libinit.o)
    0x00000166   0x00000166   0x00000000   Code   RO         1079    .ARM.Collect$$libinit$$00000002  c_p.l(libinit2.o)
    0x00000166   0x00000166   0x00000000   Code   RO         1081    .ARM.Collect$$libinit$$00000004  c_p.l(libinit2.o)
    0x00000166   0x00000166   0x00000000   Code   RO         1083    .ARM.Collect$$libinit$$00000006  c_p.l(libinit2.o)
    0x00000166   0x00000166   0x00000000   Code   RO         1086    .ARM.Collect$$libinit$$0000000C  c_p.l(libinit2.o)
    0x00000166   0x00000166   0x00000000   Code   RO         1088    .ARM.Collect$$libinit$$0000000E  c_p.l(libinit2.o)
    0x00000166   0x00000166   0x00000000   Code   RO         1090    .ARM.Collect$$libinit$$00000010  c_p.l(libinit2.o)
    0x00000166   0x00000166   0x00000000   Code   RO         1093    .ARM.Collect$$libinit$$00000013  c_p.l(libinit2.o)
    0x00000166   0x00000166   0x00000000   Code   RO         1095    .ARM.Collect$$libinit$$00000015  c_p.l(libinit2.o)
    0x00000166   0x00000166   0x00000000   Code   RO         1097    .ARM.Collect$$libinit$$00000017  c_p.l(libinit2.o)
    0x00000166   0x00000166   0x00000000   Code   RO         1099    .ARM.Collect$$libinit$$00000019  c_p.l(libinit2.o)
    0x00000166   0x00000166   0x00000000   Code   RO         1101    .ARM.Collect$$libinit$$0000001B  c_p.l(libinit2.o)
    0x00000166   0x00000166   0x00000000   Code   RO         1103    .ARM.Collect$$libinit$$0000001D  c_p.l(libinit2.o)
    0x00000166   0x00000166   0x00000000   Code   RO         1105    .ARM.Collect$$libinit$$0000001F  c_p.l(libinit2.o)
    0x00000166   0x00000166   0x00000000   Code   RO         1107    .ARM.Collect$$libinit$$00000021  c_p.l(libinit2.o)
    0x00000166   0x00000166   0x00000000   Code   RO         1109    .ARM.Collect$$libinit$$00000023  c_p.l(libinit2.o)
    0x00000166   0x00000166   0x00000000   Code   RO         1111    .ARM.Collect$$libinit$$00000025  c_p.l(libinit2.o)
    0x00000166   0x00000166   0x00000000   Code   RO         1113    .ARM.Collect$$libinit$$00000027  c_p.l(libinit2.o)
    0x00000166   0x00000166   0x00000000   Code   RO         1117    .ARM.Collect$$libinit$$0000002E  c_p.l(libinit2.o)
    0x00000166   0x00000166   0x00000000   Code   RO         1119    .ARM.Collect$$libinit$$00000030  c_p.l(libinit2.o)
    0x00000166   0x00000166   0x00000000   Code   RO         1121    .ARM.Collect$$libinit$$00000032  c_p.l(libinit2.o)
    0x00000166   0x00000166   0x00000000   Code   RO         1123    .ARM.Collect$$libinit$$00000034  c_p.l(libinit2.o)
    0x00000166   0x00000166   0x00000002   Code   RO         1124    .ARM.Collect$$libinit$$00000035  c_p.l(libinit2.o)
    0x00000168   0x00000168   0x00000002   Code   RO         1159    .ARM.Collect$$libshutdown$$00000000  c_p.l(libshutdown.o)
    0x0000016a   0x0000016a   0x00000000   Code   RO         1187    .ARM.Collect$$libshutdown$$00000002  c_p.l(libshutdown2.o)
    0x0000016a   0x0000016a   0x00000000   Code   RO         1189    .ARM.Collect$$libshutdown$$00000004  c_p.l(libshutdown2.o)
    0x0000016a   0x0000016a   0x00000000   Code   RO         1192    .ARM.Collect$$libshutdown$$00000007  c_p.l(libshutdown2.o)
    0x0000016a   0x0000016a   0x00000000   Code   RO         1195    .ARM.Collect$$libshutdown$$0000000A  c_p.l(libshutdown2.o)
    0x0000016a   0x0000016a   0x00000000   Code   RO         1197    .ARM.Collect$$libshutdown$$0000000C  c_p.l(libshutdown2.o)
    0x0000016a   0x0000016a   0x00000000   Code   RO         1200    .ARM.Collect$$libshutdown$$0000000F  c_p.l(libshutdown2.o)
    0x0000016a   0x0000016a   0x00000002   Code   RO         1201    .ARM.Collect$$libshutdown$$00000010  c_p.l(libshutdown2.o)
    0x0000016c   0x0000016c   0x00000000   Code   RO         1029    .ARM.Collect$$rtentry$$00000000  c_p.l(__rtentry.o)
    0x0000016c   0x0000016c   0x00000000   Code   RO         1035    .ARM.Collect$$rtentry$$00000002  c_p.l(__rtentry2.o)
    0x0000016c   0x0000016c   0x00000006   Code   RO         1047    .ARM.Collect$$rtentry$$00000004  c_p.l(__rtentry4.o)
    0x00000172   0x00000172   0x00000000   Code   RO         1037    .ARM.Collect$$rtentry$$00000009  c_p.l(__rtentry2.o)
    0x00000172   0x00000172   0x00000004   Code   RO         1038    .ARM.Collect$$rtentry$$0000000A  c_p.l(__rtentry2.o)
    0x00000176   0x00000176   0x00000000   Code   RO         1040    .ARM.Collect$$rtentry$$0000000C  c_p.l(__rtentry2.o)
    0x00000176   0x00000176   0x00000008   Code   RO         1041    .ARM.Collect$$rtentry$$0000000D  c_p.l(__rtentry2.o)
    0x0000017e   0x0000017e   0x00000002   Code   RO         1070    .ARM.Collect$$rtexit$$00000000  c_p.l(rtexit.o)
    0x00000180   0x00000180   0x00000000   Code   RO         1130    .ARM.Collect$$rtexit$$00000002  c_p.l(rtexit2.o)
    0x00000180   0x00000180   0x00000004   Code   RO         1131    .ARM.Collect$$rtexit$$00000003  c_p.l(rtexit2.o)
    0x00000184   0x00000184   0x00000006   Code   RO         1132    .ARM.Collect$$rtexit$$00000004  c_p.l(rtexit2.o)
    0x0000018a   0x0000018a   0x00000002   PAD
    0x0000018c   0x0000018c   0x0000002c   Code   RO         1003    .text               startup_mspm0g351x_uvision.o
    0x000001b8   0x000001b8   0x00000040   Code   RO         1015    .text               c_p.l(rt_memclr.o)
    0x000001f8   0x000001f8   0x000001f8   Code   RO         1017    .text               c_p.l(aeabi_sdivfast.o)
    0x000003f0   0x000003f0   0x00000006   Code   RO         1025    .text               c_p.l(heapauxi.o)
    0x000003f6   0x000003f6   0x0000003e   Code   RO         1051    .text               c_p.l(sys_stackheap_outer.o)
    0x00000434   0x00000434   0x00000010   Code   RO         1054    .text               c_p.l(exit.o)
    0x00000444   0x00000444   0x00000008   Code   RO         1066    .text               c_p.l(libspace.o)
    0x0000044c   0x0000044c   0x0000000c   Code   RO         1125    .text               c_p.l(sys_exit.o)
    0x00000458   0x00000458   0x00000002   Code   RO         1148    .text               c_p.l(use_no_semi.o)
    0x0000045a   0x0000045a   0x00000000   Code   RO         1150    .text               c_p.l(indicate_semi.o)
    0x0000045a   0x0000045a   0x00000002   PAD
    0x0000045c   0x0000045c   0x00000040   Code   RO          153    .text.DL_ADC12_setClockConfig  dl_adc12.o
    0x0000049c   0x0000049c   0x0000000a   Code   RO          236    .text.DL_Common_delayCycles  dl_common.o
    0x000004a6   0x000004a6   0x00000002   PAD
    0x000004a8   0x000004a8   0x00000088   Code   RO          263    .text.DL_DAC12_init  dl_dac12.o
    0x00000530   0x00000530   0x00000054   Code   RO          942    .text.DL_FactoryRegion_initTrimTable  dl_factoryregion.o
    0x00000584   0x00000584   0x00000026   Code   RO          455    .text.DL_I2C_setClockConfig  dl_i2c.o
    0x000005aa   0x000005aa   0x00000002   PAD
    0x000005ac   0x000005ac   0x00000044   Code   RO          711    .text.DL_SPI_init   dl_spi.o
    0x000005f0   0x000005f0   0x00000012   Code   RO          713    .text.DL_SPI_setClockConfig  dl_spi.o
    0x00000602   0x00000602   0x00000002   PAD
    0x00000604   0x00000604   0x00000100   Code   RO          965    .text.DL_SYSCTL_configSYSPLL  dl_sysctl_mspm0gx51x.o
    0x00000704   0x00000704   0x0000008c   Code   RO          979    .text.DL_SYSCTL_setHFCLKSourceHFXTParams  dl_sysctl_mspm0gx51x.o
    0x00000790   0x00000790   0x00000050   Code   RO          973    .text.DL_SYSCTL_switchMCLKfromSYSOSCtoHSCLK  dl_sysctl_mspm0gx51x.o
    0x000007e0   0x000007e0   0x00000100   Code   RO          846    .text.DL_Timer_initFourCCPWMMode  dl_timer.o
    0x000008e0   0x000008e0   0x00000100   Code   RO          770    .text.DL_Timer_initTimerMode  dl_timer.o
    0x000009e0   0x000009e0   0x0000001c   Code   RO          812    .text.DL_Timer_setCaptCompUpdateMethod  dl_timer.o
    0x000009fc   0x000009fc   0x00000018   Code   RO          820    .text.DL_Timer_setCaptureCompareOutCtl  dl_timer.o
    0x00000a14   0x00000a14   0x00000010   Code   RO          772    .text.DL_Timer_setCaptureCompareValue  dl_timer.o
    0x00000a24   0x00000a24   0x0000001c   Code   RO          766    .text.DL_Timer_setClockConfig  dl_timer.o
    0x00000a40   0x00000a40   0x00000048   Code   RO          882    .text.DL_UART_init  dl_uart.o
    0x00000a88   0x00000a88   0x00000012   Code   RO          884    .text.DL_UART_setClockConfig  dl_uart.o
    0x00000a9a   0x00000a9a   0x00000020   Code   RO          927    .text.DL_VREF_configReference  dl_vref.o
    0x00000aba   0x00000aba   0x00000002   PAD
    0x00000abc   0x00000abc   0x00000214   Code   RO            4    .text.KeySCInput    keyboard.o
    0x00000cd0   0x00000cd0   0x0000001c   Code   RO            2    .text.Keyboard_init  keyboard.o
    0x00000cec   0x00000cec   0x00000168   Code   RO           22    .text.OLED_Clear    oled_spi_v0.2.o
    0x00000e54   0x00000e54   0x0000020c   Code   RO           36    .text.OLED_DrawBMP  oled_spi_v0.2.o
    0x00001060   0x00001060   0x000007c0   Code   RO           50    .text.OLED_Init     oled_spi_v0.2.o
    0x00001820   0x00001820   0x0000025c   Code   RO           24    .text.OLED_ShowChar  oled_spi_v0.2.o
    0x00001a7c   0x00001a7c   0x000000e0   Code   RO           28    .text.OLED_ShowNum  oled_spi_v0.2.o
    0x00001b5c   0x00001b5c   0x00000064   Code   RO          104    .text.SYSCFG_DL_ADC0_init  ti_msp_dl_config.o
    0x00001bc0   0x00001bc0   0x0000005c   Code   RO          106    .text.SYSCFG_DL_ADC1_init  ti_msp_dl_config.o
    0x00001c1c   0x00001c1c   0x00000030   Code   RO          112    .text.SYSCFG_DL_DAC12_init  ti_msp_dl_config.o
    0x00001c4c   0x00001c4c   0x00000174   Code   RO           82    .text.SYSCFG_DL_GPIO_init  ti_msp_dl_config.o
    0x00001dc0   0x00001dc0   0x00000054   Code   RO           92    .text.SYSCFG_DL_I2C_0_init  ti_msp_dl_config.o
    0x00001e14   0x00001e14   0x00000048   Code   RO          100    .text.SYSCFG_DL_SPI_0_init  ti_msp_dl_config.o
    0x00001e5c   0x00001e5c   0x0000004c   Code   RO          102    .text.SYSCFG_DL_SPI_1_init  ti_msp_dl_config.o
    0x00001ea8   0x00001ea8   0x00000090   Code   RO           84    .text.SYSCFG_DL_SYSCTL_init  ti_msp_dl_config.o
    0x00001f38   0x00001f38   0x00000044   Code   RO          110    .text.SYSCFG_DL_TRNG_init  ti_msp_dl_config.o
    0x00001f7c   0x00001f7c   0x0000003c   Code   RO           90    .text.SYSCFG_DL_TimerA1_init  ti_msp_dl_config.o
    0x00001fb8   0x00001fb8   0x00000090   Code   RO           88    .text.SYSCFG_DL_TimerG0_PWM_init  ti_msp_dl_config.o
    0x00002048   0x00002048   0x0000009c   Code   RO           86    .text.SYSCFG_DL_TimerG6_PWM_init  ti_msp_dl_config.o
    0x000020e4   0x000020e4   0x0000006c   Code   RO           94    .text.SYSCFG_DL_UART_0_init  ti_msp_dl_config.o
    0x00002150   0x00002150   0x00000060   Code   RO           96    .text.SYSCFG_DL_UART_1_init  ti_msp_dl_config.o
    0x000021b0   0x000021b0   0x00000064   Code   RO           98    .text.SYSCFG_DL_UART_4_init  ti_msp_dl_config.o
    0x00002214   0x00002214   0x00000014   Code   RO          108    .text.SYSCFG_DL_VREF_init  ti_msp_dl_config.o
    0x00002228   0x00002228   0x00000078   Code   RO           78    .text.SYSCFG_DL_init  ti_msp_dl_config.o
    0x000022a0   0x000022a0   0x000000dc   Code   RO           80    .text.SYSCFG_DL_initPower  ti_msp_dl_config.o
    0x0000237c   0x0000237c   0x00000048   Code   RO           64    .text.main          main.o
    0x000023c4   0x000023c4   0x000001f6   Code   RO         1018    .text_divfast       c_p.l(aeabi_sdivfast.o)
    0x000025ba   0x000025ba   0x00000228   Data   RO           52    .rodata.F6x8        oled_spi_v0.2.o
    0x000027e2   0x000027e2   0x00000370   Data   RO           66    .rodata.Genshin     main.o
    0x00002b52   0x00002b52   0x00000002   PAD
    0x00002b54   0x00002b54   0x00000008   Data   RO          141    .rodata.gADC0ClockConfig  ti_msp_dl_config.o
    0x00002b5c   0x00002b5c   0x00000008   Data   RO          142    .rodata.gADC1ClockConfig  ti_msp_dl_config.o
    0x00002b64   0x00002b64   0x00000020   Data   RO          144    .rodata.gDAC12Config  ti_msp_dl_config.o
    0x00002b84   0x00002b84   0x00000002   Data   RO          130    .rodata.gI2C_0ClockConfig  ti_msp_dl_config.o
    0x00002b86   0x00002b86   0x00000002   Data   RO          137    .rodata.gSPI_0_clockConfig  ti_msp_dl_config.o
    0x00002b88   0x00002b88   0x0000000a   Data   RO          138    .rodata.gSPI_0_config  ti_msp_dl_config.o
    0x00002b92   0x00002b92   0x00000002   Data   RO          139    .rodata.gSPI_1_clockConfig  ti_msp_dl_config.o
    0x00002b94   0x00002b94   0x0000000a   Data   RO          140    .rodata.gSPI_1_config  ti_msp_dl_config.o
    0x00002b9e   0x00002b9e   0x00000002   PAD
    0x00002ba0   0x00002ba0   0x00000028   Data   RO          123    .rodata.gSYSPLLConfig  ti_msp_dl_config.o
    0x00002bc8   0x00002bc8   0x00000003   Data   RO          128    .rodata.gTimerA1ClockConfig  ti_msp_dl_config.o
    0x00002bcb   0x00002bcb   0x00000001   PAD
    0x00002bcc   0x00002bcc   0x00000014   Data   RO          129    .rodata.gTimerA1TimerConfig  ti_msp_dl_config.o
    0x00002be0   0x00002be0   0x00000003   Data   RO          126    .rodata.gTimerG0_PWMClockConfig  ti_msp_dl_config.o
    0x00002be3   0x00002be3   0x00000001   PAD
    0x00002be4   0x00002be4   0x00000008   Data   RO          127    .rodata.gTimerG0_PWMConfig  ti_msp_dl_config.o
    0x00002bec   0x00002bec   0x00000003   Data   RO          124    .rodata.gTimerG6_PWMClockConfig  ti_msp_dl_config.o
    0x00002bef   0x00002bef   0x00000001   PAD
    0x00002bf0   0x00002bf0   0x00000008   Data   RO          125    .rodata.gTimerG6_PWMConfig  ti_msp_dl_config.o
    0x00002bf8   0x00002bf8   0x00000002   Data   RO          131    .rodata.gUART_0ClockConfig  ti_msp_dl_config.o
    0x00002bfa   0x00002bfa   0x0000000a   Data   RO          132    .rodata.gUART_0Config  ti_msp_dl_config.o
    0x00002c04   0x00002c04   0x00000002   Data   RO          133    .rodata.gUART_1ClockConfig  ti_msp_dl_config.o
    0x00002c06   0x00002c06   0x0000000a   Data   RO          134    .rodata.gUART_1Config  ti_msp_dl_config.o
    0x00002c10   0x00002c10   0x00000002   Data   RO          135    .rodata.gUART_4ClockConfig  ti_msp_dl_config.o
    0x00002c12   0x00002c12   0x0000000a   Data   RO          136    .rodata.gUART_4Config  ti_msp_dl_config.o
    0x00002c1c   0x00002c1c   0x00000008   Data   RO          143    .rodata.gVREFConfig  ti_msp_dl_config.o
    0x00002c24   0x00002c24   0x00000004   PAD
    0x00002c28   0x00002c28   0x00000020   Data   RO         1203    Region$$Table       anon$$obj.o


    Execution Region RW_IRAM1 (Exec base: 0x20200000, Load base: 0x00002c48, Size: 0x00002678, Max: 0x00010000, ABSOLUTE)

    Exec Addr    Load Addr    Size         Type   Attr      Idx    E Section Name        Object

    0x20200000   0x00002c48   0x00000044   Data   RW          944    .TrimTable          dl_factoryregion.o
    0x20200044   0x00002c8c   0x00000004   Data   RW          945    .data.FACTORYVALUE  dl_factoryregion.o
    0x20200048        -       0x00000060   Zero   RW         1067    .bss                c_p.l(libspace.o)
    0x202000a8        -       0x00000410   Zero   RW           55    .bss.OLED_GRAM      oled_spi_v0.2.o
    0x202004b8        -       0x00000028   Zero   RW          120    .bss.gSPI_0Backup   ti_msp_dl_config.o
    0x202004e0        -       0x00000028   Zero   RW          121    .bss.gSPI_1Backup   ti_msp_dl_config.o
    0x20200508        -       0x00000010   Zero   RW          122    .bss.gTRNGBackup    ti_msp_dl_config.o
    0x20200518        -       0x000000bc   Zero   RW          119    .bss.gTimerA1Backup  ti_msp_dl_config.o
    0x202005d4        -       0x000000a0   Zero   RW          118    .bss.gTimerG6_PWMBackup  ti_msp_dl_config.o
    0x20200674   0x00002c90   0x00000004   PAD
    0x20200678        -       0x00000000   Zero   RW         1001    HEAP                startup_mspm0g351x_uvision.o
    0x20200678        -       0x00002000   Zero   RW         1000    STACK               startup_mspm0g351x_uvision.o


    Execution Region RW_IRAM2 (Exec base: 0x20210000, Load base: 0x00002c90, Size: 0x00000000, Max: 0x00010000, ABSOLUTE)

    **** No section assigned to this execution region ****



  Load Region LR_BCR (Base: 0x41c00000, Size: 0x00000000, Max: 0x00000100, ABSOLUTE)

    Execution Region BCR_CONFIG (Exec base: 0x41c00000, Load base: 0x41c00000, Size: 0x00000000, Max: 0x000000ff, ABSOLUTE)

    **** No section assigned to this execution region ****



  Load Region LR_BSL (Base: 0x41c00100, Size: 0x00000000, Max: 0x00000100, ABSOLUTE)

    Execution Region BSL_CONFIG (Exec base: 0x41c00100, Load base: 0x41c00100, Size: 0x00000000, Max: 0x00000080, ABSOLUTE)

    **** No section assigned to this execution region ****



  Load Region LR_DATA (Base: 0x41d00000, Size: 0x00000000, Max: 0x00004000, ABSOLUTE)

    Execution Region DATA (Exec base: 0x41d00000, Load base: 0x41d00000, Size: 0x00000000, Max: 0x00004000, ABSOLUTE)

    **** No section assigned to this execution region ****


==============================================================================

Image component sizes


      Code (inc. data)   RO Data    RW Data    ZI Data      Debug   Object Name

        64          8          0          0          0       4644   dl_adc12.o
        10          0          0          0          0        708   dl_common.o
       136         32          0          0          0       9041   dl_dac12.o
        84          8          0         72          0       2206   dl_factoryregion.o
        38          0          0          0          0       9771   dl_i2c.o
        86          8          0          0          0      16370   dl_spi.o
       476         36          0          0          0      15627   dl_sysctl_mspm0gx51x.o
       608        192          0          0          0      39088   dl_timer.o
        90          8          0          0          0      14855   dl_uart.o
        32          0          0          0          0       2759   dl_vref.o
       560          8          0          0          0       7460   keyboard.o
        72          8        880          0          0        786   main.o
      3696         36        552          0       1040      58881   oled_spi_v0.2.o
        44         18        192          0       8192        728   startup_mspm0g351x_uvision.o
      2080        416        203          0        444      53757   ti_msp_dl_config.o

    ----------------------------------------------------------------------
      8084        778       1870         72       9680     236681   Object Totals
         0          0         32          0          0          0   (incl. Generated)
         8          0         11          0          4          0   (incl. Padding)

    ----------------------------------------------------------------------

      Code (inc. data)   RO Data    RW Data    ZI Data      Debug   Library Member Name

         8          0          0          0          0         68   __main.o
         0          0          0          0          0          0   __rtentry.o
        12          0          0          0          0          0   __rtentry2.o
         6          0          0          0          0          0   __rtentry4.o
        86         10          0          0          0          0   __scatter.o
        26          0          0          0          0          0   __scatter_copy.o
        28          0          0          0          0          0   __scatter_zi.o
      1006          4          0          0          0        184   aeabi_sdivfast.o
        16          0          0          0          0         68   exit.o
         6          0          0          0          0        136   heapauxi.o
         0          0          0          0          0          0   indicate_semi.o
         2          0          0          0          0          0   libinit.o
         2          0          0          0          0          0   libinit2.o
         2          0          0          0          0          0   libshutdown.o
         2          0          0          0          0          0   libshutdown2.o
         8          4          0          0         96         68   libspace.o
        64          0          0          0          0        108   rt_memclr.o
         2          0          0          0          0          0   rtexit.o
        10          0          0          0          0          0   rtexit2.o
        12          4          0          0          0         60   sys_exit.o
        62          0          0          0          0         80   sys_stackheap_outer.o
         2          0          0          0          0         68   use_no_semi.o

    ----------------------------------------------------------------------
      1382         26          0          0         96        840   Library Totals
        20          4          0          0          0          0   (incl. Padding)

    ----------------------------------------------------------------------

      Code (inc. data)   RO Data    RW Data    ZI Data      Debug   Library Name

      1362         22          0          0         96        840   c_p.l

    ----------------------------------------------------------------------
      1382         26          0          0         96        840   Library Totals

    ----------------------------------------------------------------------

==============================================================================


      Code (inc. data)   RO Data    RW Data    ZI Data      Debug   

      9466        804       1870         72       9776     237089   Grand Totals
      9466        804       1870         72       9776     237089   ELF Image Totals
      9466        804       1870         72          0          0   ROM Totals

==============================================================================

    Total RO  Size (Code + RO Data)                11336 (  11.07kB)
    Total RW  Size (RW Data + ZI Data)              9848 (   9.62kB)
    Total ROM Size (Code + RO Data + RW Data)      11408 (  11.14kB)

==============================================================================

